Component: ARM Compiler 5.05 update 1 (build 106) Tool: armlink [4d0efa]

==============================================================================

Section Cross References

    main.o(i.main) refers to _printf_percent.o(.ARM.Collect$$_printf_percent$$00000000) for _printf_percent
    main.o(i.main) refers to _printf_s.o(.ARM.Collect$$_printf_percent$$00000014) for _printf_s
    main.o(i.main) refers to _printf_str.o(.text) for _printf_str
    main.o(i.main) refers to led.o(i.Led_Init) for Led_Init
    main.o(i.main) refers to beep.o(i.Beep_Init) for Beep_Init
    main.o(i.main) refers to delay.o(i.Delay_init) for Delay_init
    main.o(i.main) refers to key.o(i.Key_Init) for Key_Init
    main.o(i.main) refers to usart.o(i.Usart1_Init) for Usart1_Init
    main.o(i.main) refers to esp8266_config.o(i.ESP8266_Init) for ESP8266_Init
    main.o(i.main) refers to nrf24l01_api.o(i.NRF24L01_Init) for NRF24L01_Init
    main.o(i.main) refers to tim3.o(i.TIM3_Int_Init) for TIM3_Int_Init
    main.o(i.main) refers to noretval__2printf.o(.text) for __2printf
    main.o(i.main) refers to strstr.o(.text) for strstr
    main.o(i.main) refers to noretval__2sprintf.o(.text) for __2sprintf
    main.o(i.main) refers to main.o(i.nrf24l01_fun) for nrf24l01_fun
    main.o(i.main) refers to esp8266.o(i.ESP8266_SendString) for ESP8266_SendString
    main.o(i.main) refers to usart2.o(.data) for USART2_RX_FLAG
    main.o(i.main) refers to usart2.o(.bss) for rx_buffer
    main.o(i.main) refers to main.o(.constdata) for IP1
    main.o(i.main) refers to main.o(.bss) for rx_buff
    main.o(i.nrf24l01_fun) refers to noretval__2printf.o(.text) for __2printf
    main.o(i.nrf24l01_fun) refers to nrf24l01_api.o(i.NRF24L01_Check) for NRF24L01_Check
    main.o(i.nrf24l01_fun) refers to nrf24l01_api.o(i.NRF24L01_TX_Mode) for NRF24L01_TX_Mode
    main.o(i.nrf24l01_fun) refers to delay.o(i.delay_ms) for delay_ms
    main.o(i.nrf24l01_fun) refers to nrf24l01_api.o(i.NRF24L01_TxPacket) for NRF24L01_TxPacket
    main.o(i.nrf24l01_fun) refers to nrf24l01_api.o(i.NRF24L01_RX_Mode) for NRF24L01_RX_Mode
    main.o(i.nrf24l01_fun) refers to nrf24l01_api.o(i.NRF24L01_RxPacket) for NRF24L01_RxPacket
    main.o(i.nrf24l01_fun) refers to main.o(.bss) for tx_buff
    main.o(i.nrf24l01_fun) refers to main.o(.data) for time_out
    system_stm32f10x.o(i.SetSysClock) refers to system_stm32f10x.o(i.SetSysClockTo72) for SetSysClockTo72
    system_stm32f10x.o(i.SystemCoreClockUpdate) refers to system_stm32f10x.o(.data) for SystemCoreClock
    system_stm32f10x.o(i.SystemInit) refers to system_stm32f10x.o(i.SetSysClock) for SetSysClock
    led.o(i.Led_Init) refers to stm32f10x_rcc.o(i.RCC_APB2PeriphClockCmd) for RCC_APB2PeriphClockCmd
    led.o(i.Led_Init) refers to stm32f10x_gpio.o(i.GPIO_Init) for GPIO_Init
    beep.o(i.Beep_Init) refers to stm32f10x_rcc.o(i.RCC_APB2PeriphClockCmd) for RCC_APB2PeriphClockCmd
    beep.o(i.Beep_Init) refers to stm32f10x_gpio.o(i.GPIO_Init) for GPIO_Init
    beep.o(i.Beep_Init) refers to stm32f10x_gpio.o(i.GPIO_ResetBits) for GPIO_ResetBits
    key.o(i.Key_Init) refers to stm32f10x_rcc.o(i.RCC_APB2PeriphClockCmd) for RCC_APB2PeriphClockCmd
    key.o(i.Key_Init) refers to stm32f10x_gpio.o(i.GPIO_Init) for GPIO_Init
    key.o(i.Key_Scan) refers to stm32f10x_gpio.o(i.GPIO_ReadInputDataBit) for GPIO_ReadInputDataBit
    key.o(i.Key_Scan) refers to delay.o(i.delay_ms) for delay_ms
    usart.o(i.GPIO_Configuration) refers (Special) to use_no_semi_2.o(.text) for __use_no_semihosting
    usart.o(i.GPIO_Configuration) refers to stm32f10x_gpio.o(i.GPIO_Init) for GPIO_Init
    usart.o(i.NVIC_Configuration) refers (Special) to use_no_semi_2.o(.text) for __use_no_semihosting
    usart.o(i.NVIC_Configuration) refers to stm32f10x_usart.o(i.USART_ITConfig) for USART_ITConfig
    usart.o(i.NVIC_Configuration) refers to misc.o(i.NVIC_Init) for NVIC_Init
    usart.o(i.RCC_Configuration) refers (Special) to use_no_semi_2.o(.text) for __use_no_semihosting
    usart.o(i.RCC_Configuration) refers to stm32f10x_rcc.o(i.RCC_APB2PeriphClockCmd) for RCC_APB2PeriphClockCmd
    usart.o(i.USART1_IRQHandler) refers (Special) to use_no_semi_2.o(.text) for __use_no_semihosting
    usart.o(i.USART1_IRQHandler) refers to stm32f10x_usart.o(i.USART_GetITStatus) for USART_GetITStatus
    usart.o(i.USART1_IRQHandler) refers to stm32f10x_usart.o(i.USART_ClearITPendingBit) for USART_ClearITPendingBit
    usart.o(i.USART1_IRQHandler) refers to stm32f10x_usart.o(i.USART_ReceiveData) for USART_ReceiveData
    usart.o(i.USART1_IRQHandler) refers to stm32f10x_usart.o(i.USART_SendData) for USART_SendData
    usart.o(i.USART1_IRQHandler) refers to stm32f10x_usart.o(i.USART_GetFlagStatus) for USART_GetFlagStatus
    usart.o(i.USART_Configuration) refers (Special) to use_no_semi_2.o(.text) for __use_no_semihosting
    usart.o(i.USART_Configuration) refers to stm32f10x_usart.o(i.USART_Init) for USART_Init
[...]
    Removing stm32f10x_rtc.o(i.RTC_SetPrescaler), (32 bytes).
    Removing stm32f10x_rtc.o(i.RTC_WaitForLastTask), (20 bytes).
    Removing stm32f10x_rtc.o(i.RTC_WaitForSynchro), (36 bytes).
    Removing stm32f10x_sdio.o(i.SDIO_CEATAITCmd), (16 bytes).
    Removing stm32f10x_sdio.o(i.SDIO_ClearFlag), (12 bytes).
    Removing stm32f10x_sdio.o(i.SDIO_ClearITPendingBit), (12 bytes).
    Removing stm32f10x_sdio.o(i.SDIO_ClockCmd), (12 bytes).
    Removing stm32f10x_sdio.o(i.SDIO_CmdStructInit), (14 bytes).
    Removing stm32f10x_sdio.o(i.SDIO_CommandCompletionCmd), (12 bytes).
    Removing stm32f10x_sdio.o(i.SDIO_DMACmd), (12 bytes).
    Removing stm32f10x_sdio.o(i.SDIO_DataConfig), (48 bytes).
    Removing stm32f10x_sdio.o(i.SDIO_DataStructInit), (20 bytes).
    Removing stm32f10x_sdio.o(i.SDIO_DeInit), (36 bytes).
    Removing stm32f10x_sdio.o(i.SDIO_GetCommandResponse), (12 bytes).
    Removing stm32f10x_sdio.o(i.SDIO_GetDataCounter), (12 bytes).
    Removing stm32f10x_sdio.o(i.SDIO_GetFIFOCount), (12 bytes).
    Removing stm32f10x_sdio.o(i.SDIO_GetFlagStatus), (24 bytes).
    Removing stm32f10x_sdio.o(i.SDIO_GetITStatus), (24 bytes).
    Removing stm32f10x_sdio.o(i.SDIO_GetPowerState), (16 bytes).
    Removing stm32f10x_sdio.o(i.SDIO_GetResponse), (24 bytes).
    Removing stm32f10x_sdio.o(i.SDIO_ITConfig), (32 bytes).
    Removing stm32f10x_sdio.o(i.SDIO_Init), (48 bytes).
    Removing stm32f10x_sdio.o(i.SDIO_ReadData), (12 bytes).
    Removing stm32f10x_sdio.o(i.SDIO_SendCEATACmd), (12 bytes).
    Removing stm32f10x_sdio.o(i.SDIO_SendCommand), (44 bytes).
    Removing stm32f10x_sdio.o(i.SDIO_SendSDIOSuspendCmd), (12 bytes).
    Removing stm32f10x_sdio.o(i.SDIO_SetPowerState), (28 bytes).
    Removing stm32f10x_sdio.o(i.SDIO_SetSDIOOperation), (12 bytes).
    Removing stm32f10x_sdio.o(i.SDIO_SetSDIOReadWaitMode), (12 bytes).
    Removing stm32f10x_sdio.o(i.SDIO_StartSDIOReadWait), (12 bytes).
    Removing stm32f10x_sdio.o(i.SDIO_StopSDIOReadWait), (12 bytes).
    Removing stm32f10x_sdio.o(i.SDIO_StructInit), (16 bytes).
    Removing stm32f10x_sdio.o(i.SDIO_WriteData), (12 bytes).
    Removing stm32f10x_spi.o(i.I2S_Cmd), (24 bytes).
    Removing stm32f10x_spi.o(i.I2S_Init), (232 bytes).
    Removing stm32f10x_spi.o(i.I2S_StructInit), (20 bytes).
    Removing stm32f10x_spi.o(i.SPI_BiDirectionalLineConfig), (28 bytes).
    Removing stm32f10x_spi.o(i.SPI_CalculateCRC), (24 bytes).
    Removing stm32f10x_spi.o(i.SPI_DataSizeConfig), (18 bytes).
    Removing stm32f10x_spi.o(i.SPI_GetCRC), (16 bytes).
    Removing stm32f10x_spi.o(i.SPI_GetCRCPolynomial), (6 bytes).
    Removing stm32f10x_spi.o(i.SPI_I2S_ClearFlag), (6 bytes).
    Removing stm32f10x_spi.o(i.SPI_I2S_ClearITPendingBit), (20 bytes).
    Removing stm32f10x_spi.o(i.SPI_I2S_DMACmd), (18 bytes).
    Removing stm32f10x_spi.o(i.SPI_I2S_DeInit), (88 bytes).
    Removing stm32f10x_spi.o(i.SPI_I2S_GetITStatus), (52 bytes).
    Removing stm32f10x_spi.o(i.SPI_I2S_ITConfig), (32 bytes).
    Removing stm32f10x_spi.o(i.SPI_NSSInternalSoftwareConfig), (30 bytes).
    Removing stm32f10x_spi.o(i.SPI_SSOutputCmd), (24 bytes).
    Removing stm32f10x_spi.o(i.SPI_StructInit), (24 bytes).
    Removing stm32f10x_spi.o(i.SPI_TransmitCRC), (10 bytes).
    Removing stm32f10x_tim.o(i.TI1_Config), (128 bytes).
    Removing stm32f10x_tim.o(i.TI2_Config), (152 bytes).
    Removing stm32f10x_tim.o(i.TI3_Config), (144 bytes).
    Removing stm32f10x_tim.o(i.TI4_Config), (152 bytes).
    Removing stm32f10x_tim.o(i.TIM_ARRPreloadConfig), (24 bytes).
    Removing stm32f10x_tim.o(i.TIM_BDTRConfig), (32 bytes).
    Removing stm32f10x_tim.o(i.TIM_BDTRStructInit), (18 bytes).
    Removing stm32f10x_tim.o(i.TIM_CCPreloadControl), (24 bytes).
    Removing stm32f10x_tim.o(i.TIM_CCxCmd), (30 bytes).
    Removing stm32f10x_tim.o(i.TIM_CCxNCmd), (30 bytes).
    Removing stm32f10x_tim.o(i.TIM_ClearFlag), (6 bytes).
    Removing stm32f10x_tim.o(i.TIM_ClearOC1Ref), (18 bytes).
    Removing stm32f10x_tim.o(i.TIM_ClearOC2Ref), (24 bytes).
    Removing stm32f10x_tim.o(i.TIM_ClearOC3Ref), (18 bytes).
    Removing stm32f10x_tim.o(i.TIM_ClearOC4Ref), (24 bytes).
    Removing stm32f10x_tim.o(i.TIM_CounterModeConfig), (18 bytes).
    Removing stm32f10x_tim.o(i.TIM_CtrlPWMOutputs), (30 bytes).
    Removing stm32f10x_tim.o(i.TIM_DMACmd), (18 bytes).
    Removing stm32f10x_tim.o(i.TIM_DMAConfig), (10 bytes).
    Removing stm32f10x_tim.o(i.TIM_DeInit), (488 bytes).
    Removing stm32f10x_tim.o(i.TIM_ETRClockMode1Config), (54 bytes).
    Removing stm32f10x_tim.o(i.TIM_ETRClockMode2Config), (32 bytes).
    Removing stm32f10x_tim.o(i.TIM_ETRConfig), (28 bytes).
    Removing stm32f10x_tim.o(i.TIM_EncoderInterfaceConfig), (66 bytes).
    Removing stm32f10x_tim.o(i.TIM_ForcedOC1Config), (18 bytes).
    Removing stm32f10x_tim.o(i.TIM_ForcedOC2Config), (26 bytes).
    Removing stm32f10x_tim.o(i.TIM_ForcedOC3Config), (18 bytes).
    Removing stm32f10x_tim.o(i.TIM_ForcedOC4Config), (26 bytes).
    Removing stm32f10x_tim.o(i.TIM_GenerateEvent), (4 bytes).
    Removing stm32f10x_tim.o(i.TIM_GetCapture1), (6 bytes).
    Removing stm32f10x_tim.o(i.TIM_GetCapture2), (6 bytes).
    Removing stm32f10x_tim.o(i.TIM_GetCapture3), (6 bytes).
    Removing stm32f10x_tim.o(i.TIM_GetCapture4), (8 bytes).
    Removing stm32f10x_tim.o(i.TIM_GetCounter), (6 bytes).
    Removing stm32f10x_tim.o(i.TIM_GetFlagStatus), (18 bytes).
    Removing stm32f10x_tim.o(i.TIM_GetPrescaler), (6 bytes).
    Removing stm32f10x_tim.o(i.TIM_ICInit), (172 bytes).
    Removing stm32f10x_tim.o(i.TIM_ICStructInit), (18 bytes).
    Removing stm32f10x_tim.o(i.TIM_ITRxExternalClockConfig), (24 bytes).
    Removing stm32f10x_tim.o(i.TIM_InternalClockConfig), (12 bytes).
    Removing stm32f10x_tim.o(i.TIM_OC1FastConfig), (18 bytes).
    Removing stm32f10x_tim.o(i.TIM_OC1Init), (152 bytes).
    Removing stm32f10x_tim.o(i.TIM_OC1NPolarityConfig), (18 bytes).
    Removing stm32f10x_tim.o(i.TIM_OC1PolarityConfig), (18 bytes).
    Removing stm32f10x_tim.o(i.TIM_OC1PreloadConfig), (18 bytes).
    Removing stm32f10x_tim.o(i.TIM_OC2FastConfig), (26 bytes).
    Removing stm32f10x_tim.o(i.TIM_OC2Init), (164 bytes).
    Removing stm32f10x_tim.o(i.TIM_OC2NPolarityConfig), (26 bytes).
    Removing stm32f10x_tim.o(i.TIM_OC2PolarityConfig), (26 bytes).
    Removing stm32f10x_tim.o(i.TIM_OC2PreloadConfig), (26 bytes).
    Removing stm32f10x_tim.o(i.TIM_OC3FastConfig), (18 bytes).
    Removing stm32f10x_tim.o(i.TIM_OC3Init), (160 bytes).
    Removing stm32f10x_tim.o(i.TIM_OC3NPolarityConfig), (26 bytes).
    Removing stm32f10x_tim.o(i.TIM_OC3PolarityConfig), (26 bytes).
    Removing stm32f10x_tim.o(i.TIM_OC3PreloadConfig), (18 bytes).
    Removing stm32f10x_tim.o(i.TIM_OC4FastConfig), (26 bytes).
    Removing stm32f10x_tim.o(i.TIM_OC4Init), (124 bytes).
    Removing stm32f10x_tim.o(i.TIM_OC4PolarityConfig), (26 bytes).
    Removing stm32f10x_tim.o(i.TIM_OC4PreloadConfig), (26 bytes).
    Removing stm32f10x_tim.o(i.TIM_OCStructInit), (20 bytes).
    Removing stm32f10x_tim.o(i.TIM_PWMIConfig), (124 bytes).
    Removing stm32f10x_tim.o(i.TIM_PrescalerConfig), (6 bytes).
    Removing stm32f10x_tim.o(i.TIM_SelectCCDMA), (24 bytes).
    Removing stm32f10x_tim.o(i.TIM_SelectCOM), (24 bytes).
    Removing stm32f10x_tim.o(i.TIM_SelectHallSensor), (24 bytes).
    Removing stm32f10x_tim.o(i.TIM_SelectInputTrigger), (18 bytes).
    Removing stm32f10x_tim.o(i.TIM_SelectMasterSlaveMode), (18 bytes).
    Removing stm32f10x_tim.o(i.TIM_SelectOCxM), (82 bytes).
    Removing stm32f10x_tim.o(i.TIM_SelectOnePulseMode), (18 bytes).
    Removing stm32f10x_tim.o(i.TIM_SelectOutputTrigger), (18 bytes).
    Removing stm32f10x_tim.o(i.TIM_SelectSlaveMode), (18 bytes).
    Removing stm32f10x_tim.o(i.TIM_SetAutoreload), (4 bytes).
    Removing stm32f10x_tim.o(i.TIM_SetClockDivision), (18 bytes).
    Removing stm32f10x_tim.o(i.TIM_SetCompare1), (4 bytes).
    Removing stm32f10x_tim.o(i.TIM_SetCompare2), (4 bytes).
    Removing stm32f10x_tim.o(i.TIM_SetCompare3), (4 bytes).
    Removing stm32f10x_tim.o(i.TIM_SetCompare4), (6 bytes).
    Removing stm32f10x_tim.o(i.TIM_SetCounter), (4 bytes).
    Removing stm32f10x_tim.o(i.TIM_SetIC1Prescaler), (18 bytes).
    Removing stm32f10x_tim.o(i.TIM_SetIC2Prescaler), (26 bytes).
    Removing stm32f10x_tim.o(i.TIM_SetIC3Prescaler), (18 bytes).
    Removing stm32f10x_tim.o(i.TIM_SetIC4Prescaler), (26 bytes).
    Removing stm32f10x_tim.o(i.TIM_TIxExternalClockConfig), (62 bytes).
    Removing stm32f10x_tim.o(i.TIM_TimeBaseStructInit), (18 bytes).
    Removing stm32f10x_tim.o(i.TIM_UpdateDisableConfig), (24 bytes).
    Removing stm32f10x_tim.o(i.TIM_UpdateRequestConfig), (24 bytes).
    Removing stm32f10x_usart.o(i.USART_ClearFlag), (18 bytes).
    Removing stm32f10x_usart.o(i.USART_ClockInit), (34 bytes).
    Removing stm32f10x_usart.o(i.USART_ClockStructInit), (12 bytes).
    Removing stm32f10x_usart.o(i.USART_DMACmd), (18 bytes).
    Removing stm32f10x_usart.o(i.USART_DeInit), (156 bytes).
    Removing stm32f10x_usart.o(i.USART_HalfDuplexCmd), (24 bytes).
    Removing stm32f10x_usart.o(i.USART_IrDACmd), (24 bytes).
    Removing stm32f10x_usart.o(i.USART_IrDAConfig), (18 bytes).
    Removing stm32f10x_usart.o(i.USART_LINBreakDetectLengthConfig), (18 bytes).
    Removing stm32f10x_usart.o(i.USART_LINCmd), (24 bytes).
    Removing stm32f10x_usart.o(i.USART_OneBitMethodCmd), (24 bytes).
    Removing stm32f10x_usart.o(i.USART_OverSampling8Cmd), (22 bytes).
    Removing stm32f10x_usart.o(i.USART_ReceiverWakeUpCmd), (24 bytes).
    Removing stm32f10x_usart.o(i.USART_SendBreak), (10 bytes).
    Removing stm32f10x_usart.o(i.USART_SetAddress), (18 bytes).
    Removing stm32f10x_usart.o(i.USART_SetGuardTime), (16 bytes).
    Removing stm32f10x_usart.o(i.USART_SetPrescaler), (16 bytes).
    Removing stm32f10x_usart.o(i.USART_SmartCardCmd), (24 bytes).
    Removing stm32f10x_usart.o(i.USART_SmartCardNACKCmd), (24 bytes).
    Removing stm32f10x_usart.o(i.USART_StructInit), (24 bytes).
    Removing stm32f10x_usart.o(i.USART_WakeUpConfig), (18 bytes).
    Removing stm32f10x_wwdg.o(i.WWDG_ClearFlag), (12 bytes).
    Removing stm32f10x_wwdg.o(i.WWDG_DeInit), (22 bytes).
    Removing stm32f10x_wwdg.o(i.WWDG_Enable), (16 bytes).
    Removing stm32f10x_wwdg.o(i.WWDG_EnableIT), (12 bytes).
    Removing stm32f10x_wwdg.o(i.WWDG_GetFlagStatus), (12 bytes).
    Removing stm32f10x_wwdg.o(i.WWDG_SetCounter), (16 bytes).
    Removing stm32f10x_wwdg.o(i.WWDG_SetPrescaler), (24 bytes).
    Removing stm32f10x_wwdg.o(i.WWDG_SetWindowValue), (40 bytes).
    Removing delay.o(i.delay_s), (32 bytes).
    Removing delay.o(i.delay_us), (76 bytes).

387 unused section(s) (total 14946 bytes) removed from the image.

==============================================================================

Image Symbol Table

    Local Symbols

    Symbol Name                              Value     Ov Type        Size  Object(Section)

    ../clib/angel/boardlib.s                 0x00000000   Number         0  boardshut.o ABSOLUTE
    ../clib/angel/boardlib.s                 0x00000000   Number         0  boardinit1.o ABSOLUTE
    ../clib/angel/boardlib.s                 0x00000000   Number         0  boardinit2.o ABSOLUTE
    ../clib/angel/boardlib.s                 0x00000000   Number         0  boardinit3.o ABSOLUTE
    ../clib/angel/handlers.s                 0x00000000   Number         0  __scatter_zi.o ABSOLUTE
    ../clib/angel/handlers.s                 0x00000000   Number         0  __scatter_copy.o ABSOLUTE
    ../clib/angel/kernel.s                   0x00000000   Number         0  __rtentry.o ABSOLUTE
    ../clib/angel/kernel.s                   0x00000000   Number         0  __rtentry2.o ABSOLUTE
    ../clib/angel/kernel.s                   0x00000000   Number         0  __rtentry4.o ABSOLUTE
    ../clib/angel/kernel.s                   0x00000000   Number         0  rtexit.o ABSOLUTE
    ../clib/angel/kernel.s                   0x00000000   Number         0  rtexit2.o ABSOLUTE
    ../clib/angel/rt.s                       0x00000000   Number         0  rt_raise.o ABSOLUTE
    ../clib/angel/scatter.s                  0x00000000   Number         0  __scatter.o ABSOLUTE
    ../clib/angel/startup.s                  0x00000000   Number         0  __main.o ABSOLUTE
    ../clib/angel/sys.s                      0x00000000   Number         0  indicate_semi.o ABSOLUTE
    ../clib/angel/sys.s                      0x00000000   Number         0  use_no_semi_2.o ABSOLUTE
    ../clib/angel/sys.s                      0x00000000   Number         0  libspace.o ABSOLUTE
    ../clib/angel/sys.s                      0x00000000   Number         0  use_no_semi.o ABSOLUTE
    ../clib/angel/sys.s                      0x00000000   Number         0  sys_stackheap_outer.o ABSOLUTE
    ../clib/angel/sysapp.c                   0x00000000   Number         0  sys_command.o ABSOLUTE
    ../clib/angel/sysapp.c                   0x00000000   Number         0  sys_wrch.o ABSOLUTE
    ../clib/armsys.c                         0x00000000   Number         0  argv_veneer.o ABSOLUTE
    ../clib/armsys.c                         0x00000000   Number         0  _get_argv_nomalloc.o ABSOLUTE
    ../clib/armsys.c                         0x00000000   Number         0  argv_veneer.o ABSOLUTE
    ../clib/armsys.c                         0x00000000   Number         0  no_argv.o ABSOLUTE
    ../clib/heapalloc.c                      0x00000000   Number         0  hrguard.o ABSOLUTE
    ../clib/heapaux.c                        0x00000000   Number         0  heapauxi.o ABSOLUTE
    ../clib/libinit.s                        0x00000000   Number         0  libinit.o ABSOLUTE
    ../clib/libinit.s                        0x00000000   Number         0  libshutdown2.o ABSOLUTE
    ../clib/libinit.s                        0x00000000   Number         0  libshutdown.o ABSOLUTE
    ../clib/libinit.s                        0x00000000   Number         0  libinit2.o ABSOLUTE
    ../clib/memcpset.s                       0x00000000   Number         0  rt_memclr.o ABSOLUTE
    ../clib/memcpset.s                       0x00000000   Number         0  rt_memclr_w.o ABSOLUTE
    ../clib/printf.c                         0x00000000   Number         0  __2sprintf.o ABSOLUTE
    ../clib/printf.c                         0x00000000   Number         0  noretval__2sprintf.o ABSOLUTE
    ../clib/printf.c                         0x00000000   Number         0  __printf.o ABSOLUTE
    ../clib/printf.c                         0x00000000   Number         0  _printf_str.o ABSOLUTE
    ../clib/printf.c                         0x00000000   Number         0  _printf_dec.o ABSOLUTE
    ../clib/printf.c                         0x00000000   Number         0  __printf_flags.o ABSOLUTE
    ../clib/printf.c                         0x00000000   Number         0  __printf_ss.o ABSOLUTE
    ../clib/printf.c                         0x00000000   Number         0  noretval__2printf.o ABSOLUTE
    ../clib/printf.c                         0x00000000   Number         0  __printf_flags_ss.o ABSOLUTE
    ../clib/printf.c                         0x00000000   Number         0  __printf_wp.o ABSOLUTE
    ../clib/printf.c                         0x00000000   Number         0  __2printf.o ABSOLUTE
    ../clib/printf.c                         0x00000000   Number         0  __printf_flags_wp.o ABSOLUTE
    ../clib/printf.c                         0x00000000   Number         0  __printf_ss_wp.o ABSOLUTE
    ../clib/printf.c                         0x00000000   Number         0  __printf_flags_ss_wp.o ABSOLUTE
    ../clib/printf.c                         0x00000000   Number         0  _printf_intcommon.o ABSOLUTE
    ../clib/printf.c                         0x00000000   Number         0  _printf_char_common.o ABSOLUTE
    ../clib/printf.c                         0x00000000   Number         0  __printf_nopercent.o ABSOLUTE
    ../clib/printf.c                         0x00000000   Number         0  _sputc.o ABSOLUTE
    ../clib/printf.c                         0x00000000   Number         0  _printf_char.o ABSOLUTE
    ../clib/printf.c                         0x00000000   Number         0  _printf_char_file.o ABSOLUTE
    ../clib/printf_percent.s                 0x00000000   Number         0  _printf_d.o ABSOLUTE
    ../clib/printf_percent.s                 0x00000000   Number         0  _printf_percent_end.o ABSOLUTE
    ../clib/printf_percent.s                 0x00000000   Number         0  _printf_percent.o ABSOLUTE
    ../clib/printf_percent.s                 0x00000000   Number         0  _printf_s.o ABSOLUTE
    ../clib/signal.c                         0x00000000   Number         0  defsig_exit.o ABSOLUTE
    ../clib/signal.c                         0x00000000   Number         0  defsig_rtmem_outer.o ABSOLUTE
    ../clib/signal.c                         0x00000000   Number         0  defsig_rtred_inner.o ABSOLUTE
    ../clib/signal.c                         0x00000000   Number         0  defsig_stak_inner.o ABSOLUTE
    ../clib/signal.c                         0x00000000   Number         0  defsig_general.o ABSOLUTE
    ../clib/signal.c                         0x00000000   Number         0  defsig_abrt_inner.o ABSOLUTE
    ../clib/signal.c                         0x00000000   Number         0  __raise.o ABSOLUTE
    ../clib/signal.c                         0x00000000   Number         0  defsig_rtmem_inner.o ABSOLUTE
    ../clib/signal.c                         0x00000000   Number         0  defsig_rtmem_formal.o ABSOLUTE
    ../clib/signal.c                         0x00000000   Number         0  defsig_pvfn_inner.o ABSOLUTE
    ../clib/signal.c                         0x00000000   Number         0  defsig_segv_inner.o ABSOLUTE
    ../clib/signal.c                         0x00000000   Number         0  defsig_other.o ABSOLUTE
    ../clib/signal.c                         0x00000000   Number         0  defsig_cppl_inner.o ABSOLUTE
    ../clib/signal.c                         0x00000000   Number         0  defsig_fpe_inner.o ABSOLUTE
    ../clib/signal.s                         0x00000000   Number         0  defsig.o ABSOLUTE
    ../clib/stdio.c                          0x00000000   Number         0  ferror_locked.o ABSOLUTE
    ../clib/stdio.c                          0x00000000   Number         0  ferror.o ABSOLUTE
    ../clib/stdlib.c                         0x00000000   Number         0  exit.o ABSOLUTE
    ../clib/string.c                         0x00000000   Number         0  strlen.o ABSOLUTE
    ../clib/string.c                         0x00000000   Number         0  strstr.o ABSOLUTE
    ../fplib/fpinit.s                        0x00000000   Number         0  fpinit.o ABSOLUTE
    ..\CODE\startup_stm32f10x_xl.s           0x00000000   Number         0  startup_stm32f10x_xl.o ABSOLUTE
    ..\MYCODE\BEEP\beep.c                    0x00000000   Number         0  beep.o ABSOLUTE
    ..\MYCODE\ESP8266\esp8266.c              0x00000000   Number         0  esp8266.o ABSOLUTE
    ..\MYCODE\ESP8266\esp8266_Config.c       0x00000000   Number         0  esp8266_config.o ABSOLUTE
    ..\MYCODE\KEY\key.c                      0x00000000   Number         0  key.o ABSOLUTE
    ..\MYCODE\LED\led.c                      0x00000000   Number         0  led.o ABSOLUTE
    ..\MYCODE\NRF24L01\nRF24L01_API.c        0x00000000   Number         0  nrf24l01_api.o ABSOLUTE
    ..\MYCODE\TIM3\tim3.c                    0x00000000   Number         0  tim3.o ABSOLUTE
    ..\MYCODE\USART\usart.c                  0x00000000   Number         0  usart.o ABSOLUTE
    ..\MYCODE\USART\usart2.c                 0x00000000   Number         0  usart2.o ABSOLUTE
    ..\STM32F10x_FWLib\src\misc.c            0x00000000   Number         0  misc.o ABSOLUTE
    ..\STM32F10x_FWLib\src\stm32f10x_adc.c   0x00000000   Number         0  stm32f10x_adc.o ABSOLUTE
    ..\STM32F10x_FWLib\src\stm32f10x_dac.c   0x00000000   Number         0  stm32f10x_dac.o ABSOLUTE
    ..\STM32F10x_FWLib\src\stm32f10x_exti.c  0x00000000   Number         0  stm32f10x_exti.o ABSOLUTE
    ..\STM32F10x_FWLib\src\stm32f10x_flash.c 0x00000000   Number         0  stm32f10x_flash.o ABSOLUTE
    ..\STM32F10x_FWLib\src\stm32f10x_fsmc.c  0x00000000   Number         0  stm32f10x_fsmc.o ABSOLUTE
    ..\STM32F10x_FWLib\src\stm32f10x_gpio.c  0x00000000   Number         0  stm32f10x_gpio.o ABSOLUTE
    ..\STM32F10x_FWLib\src\stm32f10x_i2c.c   0x00000000   Number         0  stm32f10x_i2c.o ABSOLUTE
    ..\STM32F10x_FWLib\src\stm32f10x_iwdg.c  0x00000000   Number         0  stm32f10x_iwdg.o ABSOLUTE
    ..\STM32F10x_FWLib\src\stm32f10x_pwr.c   0x00000000   Number         0  stm32f10x_pwr.o ABSOLUTE
    ..\STM32F10x_FWLib\src\stm32f10x_rcc.c   0x00000000   Number         0  stm32f10x_rcc.o ABSOLUTE
    ..\STM32F10x_FWLib\src\stm32f10x_rtc.c   0x00000000   Number         0  stm32f10x_rtc.o ABSOLUTE
    ..\STM32F10x_FWLib\src\stm32f10x_sdio.c  0x00000000   Number         0  stm32f10x_sdio.o ABSOLUTE
    ..\STM32F10x_FWLib\src\stm32f10x_spi.c   0x00000000   Number         0  stm32f10x_spi.o ABSOLUTE
    ..\STM32F10x_FWLib\src\stm32f10x_tim.c   0x00000000   Number         0  stm32f10x_tim.o ABSOLUTE
    ..\STM32F10x_FWLib\src\stm32f10x_usart.c 0x00000000   Number         0  stm32f10x_usart.o ABSOLUTE
    ..\STM32F10x_FWLib\src\stm32f10x_wwdg.c  0x00000000   Number         0  stm32f10x_wwdg.o ABSOLUTE
    ..\SYSTEM\delay\delay.c                  0x00000000   Number         0  delay.o ABSOLUTE
    dc.s                                     0x00000000   Number         0  dc.o ABSOLUTE
    main.c                                   0x00000000   Number         0  main.o ABSOLUTE
    stm32f10x_it.c                           0x00000000   Number         0  stm32f10x_it.o ABSOLUTE
    system_stm32f10x.c                       0x00000000   Number         0  system_stm32f10x.o ABSOLUTE
    RESET                                    0x08000000   Section      304  startup_stm32f10x_xl.o(RESET)
    !!!main                                  0x08000130   Section        8  __main.o(!!!main)
    !!!scatter                               0x08000138   Section       52  __scatter.o(!!!scatter)
    !!handler_copy                           0x0800016c   Section       26  __scatter_copy.o(!!handler_copy)
    !!handler_zi                             0x08000188   Section       28  __scatter_zi.o(!!handler_zi)
    .ARM.Collect$$_printf_percent$$00000000  0x080001a4   Section        0  _printf_percent.o(.ARM.Collect$$_printf_percent$$00000000)
    .ARM.Collect$$_printf_percent$$00000009  0x080001a4   Section        6  _printf_d.o(.ARM.Collect$$_printf_percent$$00000009)
    .ARM.Collect$$_printf_percent$$00000014  0x080001aa   Section        6  _printf_s.o(.ARM.Collect$$_printf_percent$$00000014)
    .ARM.Collect$$_printf_percent$$00000017  0x080001b0   Section        4  _printf_percent_end.o(.ARM.Collect$$_printf_percent$$00000017)
    .ARM.Collect$$libinit$$00000000          0x080001b4   Section        2  libinit.o(.ARM.Collect$$libinit$$00000000)
    .ARM.Collect$$libinit$$00000002          0x080001b6   Section        0  libinit2.o(.ARM.Collect$$libinit$$00000002)
    .ARM.Collect$$libinit$$00000004          0x080001b6   Section        0  libinit2.o(.ARM.Collect$$libinit$$00000004)
    .ARM.Collect$$libinit$$0000000A          0x080001b6   Section        0  libinit2.o(.ARM.Collect$$libinit$$0000000A)
    .ARM.Collect$$libinit$$0000000C          0x080001b6   Section        0  libinit2.o(.ARM.Collect$$libinit$$0000000C)
    .ARM.Collect$$libinit$$0000000E          0x080001b6   Section        0  libinit2.o(.ARM.Collect$$libinit$$0000000E)
    .ARM.Collect$$libinit$$00000011          0x080001b6   Section        0  libinit2.o(.ARM.Collect$$libinit$$00000011)
    .ARM.Collect$$libinit$$00000013          0x080001b6   Section        0  libinit2.o(.ARM.Collect$$libinit$$00000013)
    .ARM.Collect$$libinit$$00000015          0x080001b6   Section        0  libinit2.o(.ARM.Collect$$libinit$$00000015)
    .ARM.Collect$$libinit$$00000017          0x080001b6   Section        0  libinit2.o(.ARM.Collect$$libinit$$00000017)
    .ARM.Collect$$libinit$$00000019          0x080001b6   Section        0  libinit2.o(.ARM.Collect$$libinit$$00000019)
    .ARM.Collect$$libinit$$0000001B          0x080001b6   Section        0  libinit2.o(.ARM.Collect$$libinit$$0000001B)
    .ARM.Collect$$libinit$$0000001D          0x080001b6   Section        0  libinit2.o(.ARM.Collect$$libinit$$0000001D)
    .ARM.Collect$$libinit$$0000001F          0x080001b6   Section        0  libinit2.o(.ARM.Collect$$libinit$$0000001F)
    .ARM.Collect$$libinit$$00000021          0x080001b6   Section        0  libinit2.o(.ARM.Collect$$libinit$$00000021)
    .ARM.Collect$$libinit$$00000023          0x080001b6   Section        0  libinit2.o(.ARM.Collect$$libinit$$00000023)
    .ARM.Collect$$libinit$$00000025          0x080001b6   Section        0  libinit2.o(.ARM.Collect$$libinit$$00000025)
    .ARM.Collect$$libinit$$0000002C          0x080001b6   Section        0  libinit2.o(.ARM.Collect$$libinit$$0000002C)
    .ARM.Collect$$libinit$$0000002E          0x080001b6   Section        0  libinit2.o(.ARM.Collect$$libinit$$0000002E)
    .ARM.Collect$$libinit$$00000030          0x080001b6   Section        0  libinit2.o(.ARM.Collect$$libinit$$00000030)
    .ARM.Collect$$libinit$$00000032          0x080001b6   Section        0  libinit2.o(.ARM.Collect$$libinit$$00000032)
    .ARM.Collect$$libinit$$00000033          0x080001b6   Section        2  libinit2.o(.ARM.Collect$$libinit$$00000033)
    .ARM.Collect$$libshutdown$$00000000      0x080001b8   Section        2  libshutdown.o(.ARM.Collect$$libshutdown$$00000000)
    .ARM.Collect$$libshutdown$$00000003      0x080001ba   Section        0  libshutdown2.o(.ARM.Collect$$libshutdown$$00000003)
    .ARM.Collect$$libshutdown$$00000006      0x080001ba   Section        0  libshutdown2.o(.ARM.Collect$$libshutdown$$00000006)
    .ARM.Collect$$libshutdown$$00000009      0x080001ba   Section        0  libshutdown2.o(.ARM.Collect$$libshutdown$$00000009)
    .ARM.Collect$$libshutdown$$0000000B      0x080001ba   Section        0  libshutdown2.o(.ARM.Collect$$libshutdown$$0000000B)
    .ARM.Collect$$libshutdown$$0000000E      0x080001ba   Section        0  libshutdown2.o(.ARM.Collect$$libshutdown$$0000000E)
    .ARM.Collect$$libshutdown$$0000000F      0x080001ba   Section        2  libshutdown2.o(.ARM.Collect$$libshutdown$$0000000F)
    .ARM.Collect$$rtentry$$00000000          0x080001bc   Section        0  __rtentry.o(.ARM.Collect$$rtentry$$00000000)
    .ARM.Collect$$rtentry$$00000002          0x080001bc   Section        0  __rtentry2.o(.ARM.Collect$$rtentry$$00000002)
    .ARM.Collect$$rtentry$$00000004          0x080001bc   Section        6  __rtentry4.o(.ARM.Collect$$rtentry$$00000004)
    .ARM.Collect$$rtentry$$00000009          0x080001c2   Section        0  __rtentry2.o(.ARM.Collect$$rtentry$$00000009)
    .ARM.Collect$$rtentry$$0000000A          0x080001c2   Section        4  __rtentry2.o(.ARM.Collect$$rtentry$$0000000A)
    .ARM.Collect$$rtentry$$0000000C          0x080001c6   Section        0  __rtentry2.o(.ARM.Collect$$rtentry$$0000000C)
    .ARM.Collect$$rtentry$$0000000D          0x080001c6   Section        8  __rtentry2.o(.ARM.Collect$$rtentry$$0000000D)
    .ARM.Collect$$rtexit$$00000000           0x080001ce   Section        2  rtexit.o(.ARM.Collect$$rtexit$$00000000)
    .ARM.Collect$$rtexit$$00000002           0x080001d0   Section        0  rtexit2.o(.ARM.Collect$$rtexit$$00000002)
    .ARM.Collect$$rtexit$$00000003           0x080001d0   Section        4  rtexit2.o(.ARM.Collect$$rtexit$$00000003)
    .ARM.Collect$$rtexit$$00000004           0x080001d4   Section        6  rtexit2.o(.ARM.Collect$$rtexit$$00000004)
    .text                                    0x080001dc   Section       64  startup_stm32f10x_xl.o(.text)
    .text                                    0x0800021c   Section        2  use_no_semi_2.o(.text)
    .text                                    0x08000220   Section        0  noretval__2printf.o(.text)
    .text                                    0x08000238   Section        0  noretval__2sprintf.o(.text)
    .text                                    0x08000260   Section        0  __printf.o(.text)
    .text                                    0x080002c8   Section        0  _printf_str.o(.text)
    .text                                    0x0800031c   Section        0  _printf_dec.o(.text)
    .text                                    0x08000394   Section        0  strstr.o(.text)
    .text                                    0x080003b8   Section        0  strlen.o(.text)
    .text                                    0x080003f6   Section       68  rt_memclr.o(.text)
    .text                                    0x0800043a   Section       78  rt_memclr_w.o(.text)
    .text                                    0x08000488   Section        0  heapauxi.o(.text)
    .text                                    0x0800048e   Section        2  use_no_semi.o(.text)
    .text                                    0x08000490   Section        0  _printf_intcommon.o(.text)
    .text                                    0x08000544   Section        0  _printf_char_common.o(.text)
    _printf_input_char                       0x08000545   Thumb Code    10  _printf_char_common.o(.text)
    .text                                    0x08000574   Section        0  _sputc.o(.text)
    .text                                    0x0800057e   Section        0  _printf_char.o(.text)
    .text                                    0x080005ac   Section        0  _printf_char_file.o(.text)
    .text                                    0x080005d0   Section        0  ferror.o(.text)
    .text                                    0x080005d8   Section       74  sys_stackheap_outer.o(.text)
    .text                                    0x08000622   Section        0  exit.o(.text)
    .text                                    0x08000630   Section        8  libspace.o(.text)
    i.Beep_Init                              0x08000638   Section        0  beep.o(i.Beep_Init)
    i.BusFault_Handler                       0x08000670   Section        0  stm32f10x_it.o(i.BusFault_Handler)
    i.DebugMon_Handler                       0x08000674   Section        0  stm32f10x_it.o(i.DebugMon_Handler)
    i.Delay_init                             0x08000678   Section        0  delay.o(i.Delay_init)
    i.ESP8266_AT_Test                        0x080006bc   Section        0  esp8266_config.o(i.ESP8266_AT_Test)
    i.ESP8266_Enable_MultipleId              0x0800071c   Section        0  esp8266.o(i.ESP8266_Enable_MultipleId)
    i.ESP8266_ExitUnvarnishSend              0x0800075c   Section        0  esp8266.o(i.ESP8266_ExitUnvarnishSend)
    i.ESP8266_Init                           0x0800077c   Section        0  esp8266_config.o(i.ESP8266_Init)
    i.ESP8266_JoinAP                         0x080007d0   Section        0  esp8266.o(i.ESP8266_JoinAP)
    i.ESP8266_Link_Server                    0x08000814   Section        0  esp8266.o(i.ESP8266_Link_Server)
    i.ESP8266_Net_Mode_Choose                0x080008ac   Section        0  esp8266.o(i.ESP8266_Net_Mode_Choose)
    i.ESP8266_Rst                            0x08000930   Section        0  esp8266.o(i.ESP8266_Rst)
    i.ESP8266_STA                            0x08000964   Section        0  esp8266_config.o(i.ESP8266_STA)
    i.ESP8266_SendString                     0x08000a1c   Section        0  esp8266.o(i.ESP8266_SendString)
    i.ESP8266_Send_AT_Cmd                    0x08000ab4   Section        0  esp8266.o(i.ESP8266_Send_AT_Cmd)
    i.ESP8266_TCP_Client                     0x08000b74   Section        0  esp8266_config.o(i.ESP8266_TCP_Client)
    i.ESP8266_Unvarnish_Send                 0x08000b90   Section        0  esp8266.o(i.ESP8266_Unvarnish_Send)
    i.GPIO_Configuration                     0x08000bec   Section        0  usart.o(i.GPIO_Configuration)
    i.GPIO_Init                              0x08000c28   Section        0  stm32f10x_gpio.o(i.GPIO_Init)
    i.GPIO_ResetBits                         0x08000d3e   Section        0  stm32f10x_gpio.o(i.GPIO_ResetBits)
    i.GPIO_SetBits                           0x08000d42   Section        0  stm32f10x_gpio.o(i.GPIO_SetBits)
    i.HardFault_Handler                      0x08000d46   Section        0  stm32f10x_it.o(i.HardFault_Handler)
    i.Key_Init                               0x08000d4c   Section        0  key.o(i.Key_Init)
    i.Led_Init                               0x08000d78   Section        0  led.o(i.Led_Init)
    i.MemManage_Handler                      0x08000dcc   Section        0  stm32f10x_it.o(i.MemManage_Handler)
    i.NMI_Handler                            0x08000dd0   Section        0  stm32f10x_it.o(i.NMI_Handler)
    i.NRF24L01_Check                         0x08000dd4   Section        0  nrf24l01_api.o(i.NRF24L01_Check)
    i.NRF24L01_Init                          0x08000e20   Section        0  nrf24l01_api.o(i.NRF24L01_Init)
    i.NRF24L01_RX_Mode                       0x08000f04   Section        0  nrf24l01_api.o(i.NRF24L01_RX_Mode)
    i.NRF24L01_Read_Buf                      0x08000f5c   Section        0  nrf24l01_api.o(i.NRF24L01_Read_Buf)
    i.NRF24L01_Read_Reg                      0x08000f98   Section        0  nrf24l01_api.o(i.NRF24L01_Read_Reg)
    i.NRF24L01_RxPacket                      0x08000fc4   Section        0  nrf24l01_api.o(i.NRF24L01_RxPacket)
    i.NRF24L01_TX_Mode                       0x08000ff8   Section        0  nrf24l01_api.o(i.NRF24L01_TX_Mode)
    i.NRF24L01_TxPacket                      0x08001058   Section        0  nrf24l01_api.o(i.NRF24L01_TxPacket)
    i.NRF24L01_Write_Buf                     0x080010b8   Section        0  nrf24l01_api.o(i.NRF24L01_Write_Buf)
    i.NRF24L01_Write_Reg                     0x080010f4   Section        0  nrf24l01_api.o(i.NRF24L01_Write_Reg)
    i.NVIC_Configuration                     0x08001124   Section        0  usart.o(i.NVIC_Configuration)
    i.NVIC_Init                              0x08001154   Section        0  misc.o(i.NVIC_Init)
    i.PendSV_Handler                         0x080011c4   Section        0  stm32f10x_it.o(i.PendSV_Handler)
    i.RCC_APB1PeriphClockCmd                 0x080011c8   Section        0  stm32f10x_rcc.o(i.RCC_APB1PeriphClockCmd)
    i.RCC_APB2PeriphClockCmd                 0x080011e8   Section        0  stm32f10x_rcc.o(i.RCC_APB2PeriphClockCmd)
    i.RCC_Configuration                      0x08001208   Section        0  usart.o(i.RCC_Configuration)
    i.RCC_GetClocksFreq                      0x08001218   Section        0  stm32f10x_rcc.o(i.RCC_GetClocksFreq)
    i.SPI1_ReadWriteByte                     0x080012ec   Section        0  nrf24l01_api.o(i.SPI1_ReadWriteByte)
    i.SPI_Cmd                                0x08001340   Section        0  stm32f10x_spi.o(i.SPI_Cmd)
    i.SPI_I2S_GetFlagStatus                  0x08001358   Section        0  stm32f10x_spi.o(i.SPI_I2S_GetFlagStatus)
    i.SPI_I2S_ReceiveData                    0x0800136a   Section        0  stm32f10x_spi.o(i.SPI_I2S_ReceiveData)
    i.SPI_I2S_SendData                       0x08001370   Section        0  stm32f10x_spi.o(i.SPI_I2S_SendData)
    i.SPI_Init                               0x08001374   Section        0  stm32f10x_spi.o(i.SPI_Init)
    i.SVC_Handler                            0x080013b0   Section        0  stm32f10x_it.o(i.SVC_Handler)
    i.SetSysClock                            0x080013b2   Section        0  system_stm32f10x.o(i.SetSysClock)
    SetSysClock                              0x080013b3   Thumb Code     8  system_stm32f10x.o(i.SetSysClock)
    i.SetSysClockTo72                        0x080013bc   Section        0  system_stm32f10x.o(i.SetSysClockTo72)
    SetSysClockTo72                          0x080013bd   Thumb Code   214  system_stm32f10x.o(i.SetSysClockTo72)
    i.SysTick_CLKSourceConfig                0x0800149c   Section        0  misc.o(i.SysTick_CLKSourceConfig)
    i.SysTick_Handler                        0x080014c4   Section        0  stm32f10x_it.o(i.SysTick_Handler)
    i.SystemInit                             0x080014c8   Section        0  system_stm32f10x.o(i.SystemInit)
    i.TIM3_IRQHandler                        0x08001528   Section        0  tim3.o(i.TIM3_IRQHandler)
    i.TIM3_Int_Init                          0x08001554   Section        0  tim3.o(i.TIM3_Int_Init)
    i.TIM_ClearITPendingBit                  0x080015b8   Section        0  stm32f10x_tim.o(i.TIM_ClearITPendingBit)
    i.TIM_Cmd                                0x080015be   Section        0  stm32f10x_tim.o(i.TIM_Cmd)
    i.TIM_GetITStatus                        0x080015d6   Section        0  stm32f10x_tim.o(i.TIM_GetITStatus)
    i.TIM_ITConfig                           0x080015f8   Section        0  stm32f10x_tim.o(i.TIM_ITConfig)
    i.TIM_TimeBaseInit                       0x0800160c   Section        0  stm32f10x_tim.o(i.TIM_TimeBaseInit)
    i.USART1_IRQHandler                      0x080016b0   Section        0  usart.o(i.USART1_IRQHandler)
    i.USART2_IRQHandler                      0x080016ec   Section        0  usart2.o(i.USART2_IRQHandler)
    i.USART_ClearITPendingBit                0x08001788   Section        0  stm32f10x_usart.o(i.USART_ClearITPendingBit)
    i.USART_Cmd                              0x080017a6   Section        0  stm32f10x_usart.o(i.USART_Cmd)
    i.USART_Configuration                    0x080017c0   Section        0  usart.o(i.USART_Configuration)
    i.USART_GetFlagStatus                    0x080017f8   Section        0  stm32f10x_usart.o(i.USART_GetFlagStatus)
    i.USART_GetITStatus                      0x08001812   Section        0  stm32f10x_usart.o(i.USART_GetITStatus)
    i.USART_ITConfig                         0x08001866   Section        0  stm32f10x_usart.o(i.USART_ITConfig)
    i.USART_Init                             0x080018b0   Section        0  stm32f10x_usart.o(i.USART_Init)
    i.USART_ReceiveData                      0x08001988   Section        0  stm32f10x_usart.o(i.USART_ReceiveData)
    i.USART_SendData                         0x08001992   Section        0  stm32f10x_usart.o(i.USART_SendData)
    i.UsageFault_Handler                     0x0800199a   Section        0  stm32f10x_it.o(i.UsageFault_Handler)
    i.Usart1_Init                            0x0800199e   Section        0  usart.o(i.Usart1_Init)
    i.Usart2_Init                            0x080019b4   Section        0  usart2.o(i.Usart2_Init)
    i.Usart2_Send_Byte                       0x08001a58   Section        0  usart2.o(i.Usart2_Send_Byte)
    i.Usart2_Send_String                     0x08001a78   Section        0  usart2.o(i.Usart2_Send_String)
    i._sys_exit                              0x08001a96   Section        0  usart.o(i._sys_exit)
    i.delay_ms                               0x08001a9c   Section        0  delay.o(i.delay_ms)
    i.fputc                                  0x08001ae8   Section        0  usart.o(i.fputc)
    i.main                                   0x08001b0c   Section        0  main.o(i.main)
    i.nrf24l01_fun                           0x08001cc4   Section        0  main.o(i.nrf24l01_fun)
    .constdata                               0x08001d64   Section       20  main.o(.constdata)
    .data                                    0x20000000   Section        8  main.o(.data)
    .data                                    0x20000008   Section       20  system_stm32f10x.o(.data)
    .data                                    0x2000001c   Section        4  usart.o(.data)
    .data                                    0x20000020   Section        2  usart2.o(.data)
    .data                                    0x20000022   Section       20  stm32f10x_rcc.o(.data)
    APBAHBPrescTable                         0x20000022   Data          16  stm32f10x_rcc.o(.data)
    ADCPrescTable                            0x20000032   Data           4  stm32f10x_rcc.o(.data)
    .data                                    0x20000036   Section        4  delay.o(.data)
    my_us                                    0x20000036   Data           1  delay.o(.data)
    my_ms                                    0x20000038   Data           2  delay.o(.data)
    .bss                                     0x2000003c   Section       50  main.o(.bss)
    .bss                                     0x2000006e   Section     2548  usart2.o(.bss)
    .bss                                     0x20000a62   Section       18  nrf24l01_api.o(.bss)
    .bss                                     0x20000a74   Section       96  libspace.o(.bss)
    HEAP                                     0x20000ad8   Section      512  startup_stm32f10x_xl.o(HEAP)
    Heap_Mem                                 0x20000ad8   Data         512  startup_stm32f10x_xl.o(HEAP)
    STACK                                    0x20000cd8   Section     1024  startup_stm32f10x_xl.o(STACK)
    Stack_Mem                                0x20000cd8   Data        1024  startup_stm32f10x_xl.o(STACK)
    __initial_sp                             0x200010d8   Data           0  startup_stm32f10x_xl.o(STACK)

    Global Symbols

    Symbol Name                              Value     Ov Type        Size  Object(Section)

    BuildAttributes$$THM_ISAv4$P$D$K$B$S$PE$A:L22UL41UL21$X:L11$S22US41US21$IEEE1$IW$USESV6$~STKCKD$USESV7$~SHL$OSPACE$ROPI$EBA8$UX$STANDARDLIB$REQ8$PRES8$EABIv2 0x00000000   Number         0  anon$$obj.o ABSOLUTE
    __ARM_use_no_argv                        0x00000000   Number         0  main.o ABSOLUTE
    __ARM_exceptions_init                     - Undefined Weak Reference
    __alloca_initialize                       - Undefined Weak Reference
    __arm_preinit_                            - Undefined Weak Reference
    __cpp_initialize__aeabi_                  - Undefined Weak Reference
    __cxa_finalize                            - Undefined Weak Reference
    __rt_locale                               - Undefined Weak Reference
    __sigvec_lookup                           - Undefined Weak Reference
    _atexit_init                              - Undefined Weak Reference
    _call_atexit_fns                          - Undefined Weak Reference
    _clock_init                               - Undefined Weak Reference
    _fp_trap_init                             - Undefined Weak Reference
    _fp_trap_shutdown                         - Undefined Weak Reference
    _get_lc_collate                           - Undefined Weak Reference
    _get_lc_ctype                             - Undefined Weak Reference
    _get_lc_monetary                          - Undefined Weak Reference
    _get_lc_numeric                           - Undefined Weak Reference
    _get_lc_time                              - Undefined Weak Reference
    _getenv_init                              - Undefined Weak Reference
    _handle_redirection                       - Undefined Weak Reference
    _init_alloc                               - Undefined Weak Reference
    _init_user_alloc                          - Undefined Weak Reference
    _initio                                   - Undefined Weak Reference
    _mutex_acquire                            - Undefined Weak Reference
    _mutex_release                            - Undefined Weak Reference
    _printf_mbtowc                            - Undefined Weak Reference
    _printf_post_padding                      - Undefined Weak Reference
    _printf_pre_padding                       - Undefined Weak Reference
    _printf_truncate_signed                   - Undefined Weak Reference
    _printf_truncate_unsigned                 - Undefined Weak Reference
    _rand_init                                - Undefined Weak Reference
    _signal_finish                            - Undefined Weak Reference
    _signal_init                              - Undefined Weak Reference
    _terminate_alloc                          - Undefined Weak Reference
    _terminate_user_alloc                     - Undefined Weak Reference
    _terminateio                              - Undefined Weak Reference
    __Vectors_Size                           0x00000130   Number         0  startup_stm32f10x_xl.o ABSOLUTE
    __Vectors                                0x08000000   Data           4  startup_stm32f10x_xl.o(RESET)
    __Vectors_End                            0x08000130   Data           0  startup_stm32f10x_xl.o(RESET)
    __main                                   0x08000131   Thumb Code     8  __main.o(!!!main)
    __scatterload                            0x08000139   Thumb Code     0  __scatter.o(!!!scatter)
    __scatterload_rt2                        0x08000139   Thumb Code    44  __scatter.o(!!!scatter)
    __scatterload_rt2_thumb_only             0x08000139   Thumb Code     0  __scatter.o(!!!scatter)
    __scatterload_null                       0x08000147   Thumb Code     0  __scatter.o(!!!scatter)
    __scatterload_copy                       0x0800016d   Thumb Code    26  __scatter_copy.o(!!handler_copy)
    __scatterload_zeroinit                   0x08000189   Thumb Code    28  __scatter_zi.o(!!handler_zi)
    _printf_d                                0x080001a5   Thumb Code     0  _printf_d.o(.ARM.Collect$$_printf_percent$$00000009)
    _printf_percent                          0x080001a5   Thumb Code     0  _printf_percent.o(.ARM.Collect$$_printf_percent$$00000000)
    _printf_s                                0x080001ab   Thumb Code     0  _printf_s.o(.ARM.Collect$$_printf_percent$$00000014)
    _printf_percent_end                      0x080001b1   Thumb Code     0  _printf_percent_end.o(.ARM.Collect$$_printf_percent$$00000017)
    __rt_lib_init                            0x080001b5   Thumb Code     0  libinit.o(.ARM.Collect$$libinit$$00000000)
    __rt_lib_init_alloca_1                   0x080001b7   Thumb Code     0  libinit2.o(.ARM.Collect$$libinit$$0000002E)
    __rt_lib_init_argv_1                     0x080001b7   Thumb Code     0  libinit2.o(.ARM.Collect$$libinit$$0000002C)
    __rt_lib_init_atexit_1                   0x080001b7   Thumb Code     0  libinit2.o(.ARM.Collect$$libinit$$0000001B)
    __rt_lib_init_clock_1                    0x080001b7   Thumb Code     0  libinit2.o(.ARM.Collect$$libinit$$00000021)
    __rt_lib_init_cpp_1                      0x080001b7   Thumb Code     0  libinit2.o(.ARM.Collect$$libinit$$00000032)
    __rt_lib_init_exceptions_1               0x080001b7   Thumb Code     0  libinit2.o(.ARM.Collect$$libinit$$00000030)
    __rt_lib_init_fp_1                       0x080001b7   Thumb Code     0  libinit2.o(.ARM.Collect$$libinit$$00000002)
    __rt_lib_init_fp_trap_1                  0x080001b7   Thumb Code     0  libinit2.o(.ARM.Collect$$libinit$$0000001F)
    __rt_lib_init_getenv_1                   0x080001b7   Thumb Code     0  libinit2.o(.ARM.Collect$$libinit$$00000023)
    __rt_lib_init_heap_1                     0x080001b7   Thumb Code     0  libinit2.o(.ARM.Collect$$libinit$$0000000A)
    __rt_lib_init_lc_collate_1               0x080001b7   Thumb Code     0  libinit2.o(.ARM.Collect$$libinit$$00000011)
    __rt_lib_init_lc_ctype_1                 0x080001b7   Thumb Code     0  libinit2.o(.ARM.Collect$$libinit$$00000013)
    __rt_lib_init_lc_monetary_1              0x080001b7   Thumb Code     0  libinit2.o(.ARM.Collect$$libinit$$00000015)
    __rt_lib_init_lc_numeric_1               0x080001b7   Thumb Code     0  libinit2.o(.ARM.Collect$$libinit$$00000017)
    __rt_lib_init_lc_time_1                  0x080001b7   Thumb Code     0  libinit2.o(.ARM.Collect$$libinit$$00000019)
    __rt_lib_init_preinit_1                  0x080001b7   Thumb Code     0  libinit2.o(.ARM.Collect$$libinit$$00000004)
    __rt_lib_init_rand_1                     0x080001b7   Thumb Code     0  libinit2.o(.ARM.Collect$$libinit$$0000000E)
    __rt_lib_init_return                     0x080001b7   Thumb Code     0  libinit2.o(.ARM.Collect$$libinit$$00000033)
    __rt_lib_init_signal_1                   0x080001b7   Thumb Code     0  libinit2.o(.ARM.Collect$$libinit$$0000001D)
    __rt_lib_init_stdio_1                    0x080001b7   Thumb Code     0  libinit2.o(.ARM.Collect$$libinit$$00000025)
    __rt_lib_init_user_alloc_1               0x080001b7   Thumb Code     0  libinit2.o(.ARM.Collect$$libinit$$0000000C)
    __rt_lib_shutdown                        0x080001b9   Thumb Code     0  libshutdown.o(.ARM.Collect$$libshutdown$$00000000)
    __rt_lib_shutdown_fp_trap_1              0x080001bb   Thumb Code     0  libshutdown2.o(.ARM.Collect$$libshutdown$$00000006)
    __rt_lib_shutdown_heap_1                 0x080001bb   Thumb Code     0  libshutdown2.o(.ARM.Collect$$libshutdown$$0000000E)
    __rt_lib_shutdown_return                 0x080001bb   Thumb Code     0  libshutdown2.o(.ARM.Collect$$libshutdown$$0000000F)
    __rt_lib_shutdown_signal_1               0x080001bb   Thumb Code     0  libshutdown2.o(.ARM.Collect$$libshutdown$$00000009)
    __rt_lib_shutdown_stdio_1                0x080001bb   Thumb Code     0  libshutdown2.o(.ARM.Collect$$libshutdown$$00000003)
    __rt_lib_shutdown_user_alloc_1           0x080001bb   Thumb Code     0  libshutdown2.o(.ARM.Collect$$libshutdown$$0000000B)
    __rt_entry                               0x080001bd   Thumb Code     0  __rtentry.o(.ARM.Collect$$rtentry$$00000000)
    __rt_entry_presh_1                       0x080001bd   Thumb Code     0  __rtentry2.o(.ARM.Collect$$rtentry$$00000002)
    __rt_entry_sh                            0x080001bd   Thumb Code     0  __rtentry4.o(.ARM.Collect$$rtentry$$00000004)
    __rt_entry_li                            0x080001c3   Thumb Code     0  __rtentry2.o(.ARM.Collect$$rtentry$$0000000A)
    __rt_entry_postsh_1                      0x080001c3   Thumb Code     0  __rtentry2.o(.ARM.Collect$$rtentry$$00000009)
    __rt_entry_main                          0x080001c7   Thumb Code     0  __rtentry2.o(.ARM.Collect$$rtentry$$0000000D)
    __rt_entry_postli_1                      0x080001c7   Thumb Code     0  __rtentry2.o(.ARM.Collect$$rtentry$$0000000C)
    __rt_exit                                0x080001cf   Thumb Code     0  rtexit.o(.ARM.Collect$$rtexit$$00000000)
    __rt_exit_ls                             0x080001d1   Thumb Code     0  rtexit2.o(.ARM.Collect$$rtexit$$00000003)
    __rt_exit_prels_1                        0x080001d1   Thumb Code     0  rtexit2.o(.ARM.Collect$$rtexit$$00000002)
    __rt_exit_exit                           0x080001d5   Thumb Code     0  rtexit2.o(.ARM.Collect$$rtexit$$00000004)
    Reset_Handler                            0x080001dd   Thumb Code     8  startup_stm32f10x_xl.o(.text)
    ADC1_2_IRQHandler                        0x080001f7   Thumb Code     0  startup_stm32f10x_xl.o(.text)
    ADC3_IRQHandler                          0x080001f7   Thumb Code     0  startup_stm32f10x_xl.o(.text)
    CAN1_RX1_IRQHandler                      0x080001f7   Thumb Code     0  startup_stm32f10x_xl.o(.text)
    CAN1_SCE_IRQHandler                      0x080001f7   Thumb Code     0  startup_stm32f10x_xl.o(.text)
    DMA1_Channel1_IRQHandler                 0x080001f7   Thumb Code     0  startup_stm32f10x_xl.o(.text)
    DMA1_Channel2_IRQHandler                 0x080001f7   Thumb Code     0  startup_stm32f10x_xl.o(.text)
    DMA1_Channel3_IRQHandler                 0x080001f7   Thumb Code     0  startup_stm32f10x_xl.o(.text)
    DMA1_Channel4_IRQHandler                 0x080001f7   Thumb Code     0  startup_stm32f10x_xl.o(.text)
    DMA1_Channel5_IRQHandler                 0x080001f7   Thumb Code     0  startup_stm32f10x_xl.o(.text)
    DMA1_Channel6_IRQHandler                 0x080001f7   Thumb Code     0  startup_stm32f10x_xl.o(.text)
    DMA1_Channel7_IRQHandler                 0x080001f7   Thumb Code     0  startup_stm32f10x_xl.o(.text)
    DMA2_Channel1_IRQHandler                 0x080001f7   Thumb Code     0  startup_stm32f10x_xl.o(.text)
    DMA2_Channel2_IRQHandler                 0x080001f7   Thumb Code     0  startup_stm32f10x_xl.o(.text)
    DMA2_Channel3_IRQHandler                 0x080001f7   Thumb Code     0  startup_stm32f10x_xl.o(.text)
    DMA2_Channel4_5_IRQHandler               0x080001f7   Thumb Code     0  startup_stm32f10x_xl.o(.text)
    EXTI0_IRQHandler                         0x080001f7   Thumb Code     0  startup_stm32f10x_xl.o(.text)
    EXTI15_10_IRQHandler                     0x080001f7   Thumb Code     0  startup_stm32f10x_xl.o(.text)
    EXTI1_IRQHandler                         0x080001f7   Thumb Code     0  startup_stm32f10x_xl.o(.text)
    EXTI2_IRQHandler                         0x080001f7   Thumb Code     0  startup_stm32f10x_xl.o(.text)
    EXTI3_IRQHandler                         0x080001f7   Thumb Code     0  startup_stm32f10x_xl.o(.text)
    EXTI4_IRQHandler                         0x080001f7   Thumb Code     0  startup_stm32f10x_xl.o(.text)
    EXTI9_5_IRQHandler                       0x080001f7   Thumb Code     0  startup_stm32f10x_xl.o(.text)
    FLASH_IRQHandler                         0x080001f7   Thumb Code     0  startup_stm32f10x_xl.o(.text)
    FSMC_IRQHandler                          0x080001f7   Thumb Code     0  startup_stm32f10x_xl.o(.text)
    I2C1_ER_IRQHandler                       0x080001f7   Thumb Code     0  startup_stm32f10x_xl.o(.text)
    I2C1_EV_IRQHandler                       0x080001f7   Thumb Code     0  startup_stm32f10x_xl.o(.text)
    I2C2_ER_IRQHandler                       0x080001f7   Thumb Code     0  startup_stm32f10x_xl.o(.text)
    I2C2_EV_IRQHandler                       0x080001f7   Thumb Code     0  startup_stm32f10x_xl.o(.text)
    PVD_IRQHandler                           0x080001f7   Thumb Code     0  startup_stm32f10x_xl.o(.text)
    RCC_IRQHandler                           0x080001f7   Thumb Code     0  startup_stm32f10x_xl.o(.text)
    RTCAlarm_IRQHandler                      0x080001f7   Thumb Code     0  startup_stm32f10x_xl.o(.text)
    RTC_IRQHandler                           0x080001f7   Thumb Code     0  startup_stm32f10x_xl.o(.text)
    SDIO_IRQHandler                          0x080001f7   Thumb Code     0  startup_stm32f10x_xl.o(.text)
    SPI1_IRQHandler                          0x080001f7   Thumb Code     0  startup_stm32f10x_xl.o(.text)
    SPI2_IRQHandler                          0x080001f7   Thumb Code     0  startup_stm32f10x_xl.o(.text)
    SPI3_IRQHandler                          0x080001f7   Thumb Code     0  startup_stm32f10x_xl.o(.text)
    TAMPER_IRQHandler                        0x080001f7   Thumb Code     0  startup_stm32f10x_xl.o(.text)
    TIM1_BRK_TIM9_IRQHandler                 0x080001f7   Thumb Code     0  startup_stm32f10x_xl.o(.text)
    TIM1_CC_IRQHandler                       0x080001f7   Thumb Code     0  startup_stm32f10x_xl.o(.text)
    TIM1_TRG_COM_TIM11_IRQHandler            0x080001f7   Thumb Code     0  startup_stm32f10x_xl.o(.text)
    TIM1_UP_TIM10_IRQHandler                 0x080001f7   Thumb Code     0  startup_stm32f10x_xl.o(.text)
    TIM2_IRQHandler                          0x080001f7   Thumb Code     0  startup_stm32f10x_xl.o(.text)
    TIM4_IRQHandler                          0x080001f7   Thumb Code     0  startup_stm32f10x_xl.o(.text)
    TIM5_IRQHandler                          0x080001f7   Thumb Code     0  startup_stm32f10x_xl.o(.text)
    TIM6_IRQHandler                          0x080001f7   Thumb Code     0  startup_stm32f10x_xl.o(.text)
    TIM7_IRQHandler                          0x080001f7   Thumb Code     0  startup_stm32f10x_xl.o(.text)
    TIM8_BRK_TIM12_IRQHandler                0x080001f7   Thumb Code     0  startup_stm32f10x_xl.o(.text)
    TIM8_CC_IRQHandler                       0x080001f7   Thumb Code     0  startup_stm32f10x_xl.o(.text)
    TIM8_TRG_COM_TIM14_IRQHandler            0x080001f7   Thumb Code     0  startup_stm32f10x_xl.o(.text)
    TIM8_UP_TIM13_IRQHandler                 0x080001f7   Thumb Code     0  startup_stm32f10x_xl.o(.text)
    UART4_IRQHandler                         0x080001f7   Thumb Code     0  startup_stm32f10x_xl.o(.text)
    UART5_IRQHandler                         0x080001f7   Thumb Code     0  startup_stm32f10x_xl.o(.text)
    USART3_IRQHandler                        0x080001f7   Thumb Code     0  startup_stm32f10x_xl.o(.text)
    USBWakeUp_IRQHandler                     0x080001f7   Thumb Code     0  startup_stm32f10x_xl.o(.text)
    USB_HP_CAN1_TX_IRQHandler                0x080001f7   Thumb Code     0  startup_stm32f10x_xl.o(.text)
    USB_LP_CAN1_RX0_IRQHandler               0x080001f7   Thumb Code     0  startup_stm32f10x_xl.o(.text)
    WWDG_IRQHandler                          0x080001f7   Thumb Code     0  startup_stm32f10x_xl.o(.text)
    __user_initial_stackheap                 0x080001f9   Thumb Code     0  startup_stm32f10x_xl.o(.text)
    __use_no_semihosting                     0x0800021d   Thumb Code     2  use_no_semi_2.o(.text)
    __2printf                                0x08000221   Thumb Code    20  noretval__2printf.o(.text)
    __2sprintf                               0x08000239   Thumb Code    34  noretval__2sprintf.o(.text)
    __printf                                 0x08000261   Thumb Code   104  __printf.o(.text)
    _printf_str                              0x080002c9   Thumb Code    82  _printf_str.o(.text)
    _printf_int_dec                          0x0800031d   Thumb Code   104  _printf_dec.o(.text)
    strstr                                   0x08000395   Thumb Code    36  strstr.o(.text)
    strlen                                   0x080003b9   Thumb Code    62  strlen.o(.text)
    __aeabi_memclr                           0x080003f7   Thumb Code     0  rt_memclr.o(.text)
    __rt_memclr                              0x080003f7   Thumb Code    68  rt_memclr.o(.text)
    _memset                                  0x080003fb   Thumb Code     0  rt_memclr.o(.text)
    __aeabi_memclr4                          0x0800043b   Thumb Code     0  rt_memclr_w.o(.text)
    __aeabi_memclr8                          0x0800043b   Thumb Code     0  rt_memclr_w.o(.text)
    __rt_memclr_w                            0x0800043b   Thumb Code    78  rt_memclr_w.o(.text)
    _memset_w                                0x0800043f   Thumb Code     0  rt_memclr_w.o(.text)
    __use_two_region_memory                  0x08000489   Thumb Code     2  heapauxi.o(.text)
    __rt_heap_escrow$2region                 0x0800048b   Thumb Code     2  heapauxi.o(.text)
    __rt_heap_expand$2region                 0x0800048d   Thumb Code     2  heapauxi.o(.text)
    __I$use$semihosting                      0x0800048f   Thumb Code     0  use_no_semi.o(.text)
    __use_no_semihosting_swi                 0x0800048f   Thumb Code     2  use_no_semi.o(.text)
    _printf_int_common                       0x08000491   Thumb Code   178  _printf_intcommon.o(.text)
    _printf_char_common                      0x0800054f   Thumb Code    32  _printf_char_common.o(.text)
    _sputc                                   0x08000575   Thumb Code    10  _sputc.o(.text)
    _printf_cs_common                        0x0800057f   Thumb Code    20  _printf_char.o(.text)
    _printf_char                             0x08000593   Thumb Code    16  _printf_char.o(.text)
    _printf_string                           0x080005a3   Thumb Code     8  _printf_char.o(.text)
    _printf_char_file                        0x080005ad   Thumb Code    32  _printf_char_file.o(.text)
    ferror                                   0x080005d1   Thumb Code     8  ferror.o(.text)
    __user_setup_stackheap                   0x080005d9   Thumb Code    74  sys_stackheap_outer.o(.text)
    exit                                     0x08000623   Thumb Code    12  exit.o(.text)
    __user_libspace                          0x08000631   Thumb Code     8  libspace.o(.text)
    __user_perproc_libspace                  0x08000631   Thumb Code     0  libspace.o(.text)
    __user_perthread_libspace                0x08000631   Thumb Code     0  libspace.o(.text)
    Beep_Init                                0x08000639   Thumb Code    50  beep.o(i.Beep_Init)
    BusFault_Handler                         0x08000671   Thumb Code     4  stm32f10x_it.o(i.BusFault_Handler)
    DebugMon_Handler                         0x08000675   Thumb Code     2  stm32f10x_it.o(i.DebugMon_Handler)
    Delay_init                               0x08000679   Thumb Code    50  delay.o(i.Delay_init)
    ESP8266_AT_Test                          0x080006bd   Thumb Code    56  esp8266_config.o(i.ESP8266_AT_Test)
    ESP8266_Enable_MultipleId                0x0800071d   Thumb Code    42  esp8266.o(i.ESP8266_Enable_MultipleId)
    ESP8266_ExitUnvarnishSend                0x0800075d   Thumb Code    28  esp8266.o(i.ESP8266_ExitUnvarnishSend)
    ESP8266_Init                             0x0800077d   Thumb Code    40  esp8266_config.o(i.ESP8266_Init)
    ESP8266_JoinAP                           0x080007d1   Thumb Code    38  esp8266.o(i.ESP8266_JoinAP)
    ESP8266_Link_Server                      0x08000815   Thumb Code    90  esp8266.o(i.ESP8266_Link_Server)
    ESP8266_Net_Mode_Choose                  0x080008ad   Thumb Code    68  esp8266.o(i.ESP8266_Net_Mode_Choose)
    ESP8266_Rst                              0x08000931   Thumb Code    30  esp8266.o(i.ESP8266_Rst)
    ESP8266_STA                              0x08000965   Thumb Code    88  esp8266_config.o(i.ESP8266_STA)
    ESP8266_SendString                       0x08000a1d   Thumb Code   104  esp8266.o(i.ESP8266_SendString)
    ESP8266_Send_AT_Cmd                      0x08000ab5   Thumb Code   150  esp8266.o(i.ESP8266_Send_AT_Cmd)
    ESP8266_TCP_Client                       0x08000b75   Thumb Code    18  esp8266_config.o(i.ESP8266_TCP_Client)
    ESP8266_Unvarnish_Send                   0x08000b91   Thumb Code    72  esp8266.o(i.ESP8266_Unvarnish_Send)
    GPIO_Configuration                       0x08000bed   Thumb Code    54  usart.o(i.GPIO_Configuration)
    GPIO_Init                                0x08000c29   Thumb Code   278  stm32f10x_gpio.o(i.GPIO_Init)
    GPIO_ResetBits                           0x08000d3f   Thumb Code     4  stm32f10x_gpio.o(i.GPIO_ResetBits)
    GPIO_SetBits                             0x08000d43   Thumb Code     4  stm32f10x_gpio.o(i.GPIO_SetBits)
    HardFault_Handler                        0x08000d47   Thumb Code     4  stm32f10x_it.o(i.HardFault_Handler)
    Key_Init                                 0x08000d4d   Thumb Code    38  key.o(i.Key_Init)
    Led_Init                                 0x08000d79   Thumb Code    62  led.o(i.Led_Init)
    MemManage_Handler                        0x08000dcd   Thumb Code     4  stm32f10x_it.o(i.MemManage_Handler)
    NMI_Handler                              0x08000dd1   Thumb Code     2  stm32f10x_it.o(i.NMI_Handler)
    NRF24L01_Check                           0x08000dd5   Thumb Code    66  nrf24l01_api.o(i.NRF24L01_Check)
    NRF24L01_Init                            0x08000e21   Thumb Code   204  nrf24l01_api.o(i.NRF24L01_Init)
    NRF24L01_RX_Mode                         0x08000f05   Thumb Code    78  nrf24l01_api.o(i.NRF24L01_RX_Mode)
    NRF24L01_Read_Buf                        0x08000f5d   Thumb Code    56  nrf24l01_api.o(i.NRF24L01_Read_Buf)
    NRF24L01_Read_Reg                        0x08000f99   Thumb Code    36  nrf24l01_api.o(i.NRF24L01_Read_Reg)
    NRF24L01_RxPacket                        0x08000fc5   Thumb Code    52  nrf24l01_api.o(i.NRF24L01_RxPacket)
    NRF24L01_TX_Mode                         0x08000ff9   Thumb Code    88  nrf24l01_api.o(i.NRF24L01_TX_Mode)
    NRF24L01_TxPacket                        0x08001059   Thumb Code    88  nrf24l01_api.o(i.NRF24L01_TxPacket)
    NRF24L01_Write_Buf                       0x080010b9   Thumb Code    56  nrf24l01_api.o(i.NRF24L01_Write_Buf)
    NRF24L01_Write_Reg                       0x080010f5   Thumb Code    38  nrf24l01_api.o(i.NRF24L01_Write_Reg)
    NVIC_Configuration                       0x08001125   Thumb Code    44  usart.o(i.NVIC_Configuration)
    NVIC_Init                                0x08001155   Thumb Code   100  misc.o(i.NVIC_Init)
    PendSV_Handler                           0x080011c5   Thumb Code     2  stm32f10x_it.o(i.PendSV_Handler)
    RCC_APB1PeriphClockCmd                   0x080011c9   Thumb Code    26  stm32f10x_rcc.o(i.RCC_APB1PeriphClockCmd)
    RCC_APB2PeriphClockCmd                   0x080011e9   Thumb Code    26  stm32f10x_rcc.o(i.RCC_APB2PeriphClockCmd)
    RCC_Configuration                        0x08001209   Thumb Code    14  usart.o(i.RCC_Configuration)
    RCC_GetClocksFreq                        0x08001219   Thumb Code   192  stm32f10x_rcc.o(i.RCC_GetClocksFreq)
    SPI1_ReadWriteByte                       0x080012ed   Thumb Code    78  nrf24l01_api.o(i.SPI1_ReadWriteByte)
    SPI_Cmd                                  0x08001341   Thumb Code    24  stm32f10x_spi.o(i.SPI_Cmd)
    SPI_I2S_GetFlagStatus                    0x08001359   Thumb Code    18  stm32f10x_spi.o(i.SPI_I2S_GetFlagStatus)
    SPI_I2S_ReceiveData                      0x0800136b   Thumb Code     6  stm32f10x_spi.o(i.SPI_I2S_ReceiveData)
    SPI_I2S_SendData                         0x08001371   Thumb Code     4  stm32f10x_spi.o(i.SPI_I2S_SendData)
    SPI_Init                                 0x08001375   Thumb Code    60  stm32f10x_spi.o(i.SPI_Init)
    SVC_Handler                              0x080013b1   Thumb Code     2  stm32f10x_it.o(i.SVC_Handler)
    SysTick_CLKSourceConfig                  0x0800149d   Thumb Code    40  misc.o(i.SysTick_CLKSourceConfig)
    SysTick_Handler                          0x080014c5   Thumb Code     2  stm32f10x_it.o(i.SysTick_Handler)
    SystemInit                               0x080014c9   Thumb Code    78  system_stm32f10x.o(i.SystemInit)
    TIM3_IRQHandler                          0x08001529   Thumb Code    34  tim3.o(i.TIM3_IRQHandler)
    TIM3_Int_Init                            0x08001555   Thumb Code    94  tim3.o(i.TIM3_Int_Init)
    TIM_ClearITPendingBit                    0x080015b9   Thumb Code     6  stm32f10x_tim.o(i.TIM_ClearITPendingBit)
    TIM_Cmd                                  0x080015bf   Thumb Code    24  stm32f10x_tim.o(i.TIM_Cmd)
    TIM_GetITStatus                          0x080015d7   Thumb Code    34  stm32f10x_tim.o(i.TIM_GetITStatus)
    TIM_ITConfig                             0x080015f9   Thumb Code    18  stm32f10x_tim.o(i.TIM_ITConfig)
    TIM_TimeBaseInit                         0x0800160d   Thumb Code   122  stm32f10x_tim.o(i.TIM_TimeBaseInit)
    USART1_IRQHandler                        0x080016b1   Thumb Code    56  usart.o(i.USART1_IRQHandler)
    USART2_IRQHandler                        0x080016ed   Thumb Code   134  usart2.o(i.USART2_IRQHandler)
    USART_ClearITPendingBit                  0x08001789   Thumb Code    30  stm32f10x_usart.o(i.USART_ClearITPendingBit)
    USART_Cmd                                0x080017a7   Thumb Code    24  stm32f10x_usart.o(i.USART_Cmd)
    USART_Configuration                      0x080017c1   Thumb Code    50  usart.o(i.USART_Configuration)
    USART_GetFlagStatus                      0x080017f9   Thumb Code    26  stm32f10x_usart.o(i.USART_GetFlagStatus)
    USART_GetITStatus                        0x08001813   Thumb Code    84  stm32f10x_usart.o(i.USART_GetITStatus)
    USART_ITConfig                           0x08001867   Thumb Code    74  stm32f10x_usart.o(i.USART_ITConfig)
    USART_Init                               0x080018b1   Thumb Code   210  stm32f10x_usart.o(i.USART_Init)
    USART_ReceiveData                        0x08001989   Thumb Code    10  stm32f10x_usart.o(i.USART_ReceiveData)
    USART_SendData                           0x08001993   Thumb Code     8  stm32f10x_usart.o(i.USART_SendData)
    UsageFault_Handler                       0x0800199b   Thumb Code     4  stm32f10x_it.o(i.UsageFault_Handler)
    Usart1_Init                              0x0800199f   Thumb Code    20  usart.o(i.Usart1_Init)
    Usart2_Init                              0x080019b5   Thumb Code   154  usart2.o(i.Usart2_Init)
    Usart2_Send_Byte                         0x08001a59   Thumb Code    28  usart2.o(i.Usart2_Send_Byte)
    Usart2_Send_String                       0x08001a79   Thumb Code    30  usart2.o(i.Usart2_Send_String)
    _sys_exit                                0x08001a97   Thumb Code     4  usart.o(i._sys_exit)
    delay_ms                                 0x08001a9d   Thumb Code    72  delay.o(i.delay_ms)
    fputc                                    0x08001ae9   Thumb Code    32  usart.o(i.fputc)
    main                                     0x08001b0d   Thumb Code   270  main.o(i.main)
    nrf24l01_fun                             0x08001cc5   Thumb Code   134  main.o(i.nrf24l01_fun)
    IP1                                      0x08001d64   Data           5  main.o(.constdata)
    IP2                                      0x08001d69   Data           5  main.o(.constdata)
    IP3                                      0x08001d6e   Data           5  main.o(.constdata)
    IP4                                      0x08001d73   Data           5  main.o(.constdata)
    Region$$Table$$Base                      0x08001d78   Number         0  anon$$obj.o(Region$$Table)
    Region$$Table$$Limit                     0x08001d98   Number         0  anon$$obj.o(Region$$Table)
    id                                       0x20000000   Data           4  main.o(.data)
    time_out                                 0x20000004   Data           4  main.o(.data)
    SystemCoreClock                          0x20000008   Data           4  system_stm32f10x.o(.data)
    AHBPrescTable                            0x2000000c   Data          16  system_stm32f10x.o(.data)
    __stdout                                 0x2000001c   Data           4  usart.o(.data)
    USART2_RX_FLAG                           0x20000020   Data           1  usart2.o(.data)
    rx_count                                 0x20000021   Data           1  usart2.o(.data)
    tx_buff                                  0x2000003c   Data          25  main.o(.bss)
    rx_buff                                  0x20000055   Data          25  main.o(.bss)
    USART2_RX_BUF                            0x2000006e   Data        2048  usart2.o(.bss)
    rx_buffer                                0x2000086e   Data         500  usart2.o(.bss)
    SPI_InitStructure                        0x20000a62   Data          18  nrf24l01_api.o(.bss)
    __libspace_start                         0x20000a74   Data          96  libspace.o(.bss)
    __temporary_stack_top$libspace           0x20000ad4   Data           0  libspace.o(.bss)



==============================================================================

Memory Map of the image

  Image Entry point : 0x08000131

  Load Region LR_IROM1 (Base: 0x08000000, Size: 0x00001dd4, Max: 0x00080000, ABSOLUTE)

    Execution Region ER_IROM1 (Base: 0x08000000, Size: 0x00001d98, Max: 0x00080000, ABSOLUTE)

    Base Addr    Size         Type   Attr      Idx    E Section Name        Object

    0x08000000   0x00000130   Data   RO          667    RESET               startup_stm32f10x_xl.o
    0x08000130   0x00000008   Code   RO         3262  * !!!main             c_w.l(__main.o)
    0x08000138   0x00000034   Code   RO         3433    !!!scatter          c_w.l(__scatter.o)
    0x0800016c   0x0000001a   Code   RO         3435    !!handler_copy      c_w.l(__scatter_copy.o)
    0x08000186   0x00000002   PAD
    0x08000188   0x0000001c   Code   RO         3437    !!handler_zi        c_w.l(__scatter_zi.o)
    0x080001a4   0x00000000   Code   RO         3251    .ARM.Collect$$_printf_percent$$00000000  c_w.l(_printf_percent.o)
    0x080001a4   0x00000006   Code   RO         3250    .ARM.Collect$$_printf_percent$$00000009  c_w.l(_printf_d.o)
    0x080001aa   0x00000006   Code   RO         3249    .ARM.Collect$$_printf_percent$$00000014  c_w.l(_printf_s.o)
    0x080001b0   0x00000004   Code   RO         3277    .ARM.Collect$$_printf_percent$$00000017  c_w.l(_printf_percent_end.o)
    0x080001b4   0x00000002   Code   RO         3308    .ARM.Collect$$libinit$$00000000  c_w.l(libinit.o)
    0x080001b6   0x00000000   Code   RO         3315    .ARM.Collect$$libinit$$00000002  c_w.l(libinit2.o)
    0x080001b6   0x00000000   Code   RO         3317    .ARM.Collect$$libinit$$00000004  c_w.l(libinit2.o)
    0x080001b6   0x00000000   Code   RO         3320    .ARM.Collect$$libinit$$0000000A  c_w.l(libinit2.o)
    0x080001b6   0x00000000   Code   RO         3322    .ARM.Collect$$libinit$$0000000C  c_w.l(libinit2.o)
    0x080001b6   0x00000000   Code   RO         3324    .ARM.Collect$$libinit$$0000000E  c_w.l(libinit2.o)
    0x080001b6   0x00000000   Code   RO         3327    .ARM.Collect$$libinit$$00000011  c_w.l(libinit2.o)
    0x080001b6   0x00000000   Code   RO         3329    .ARM.Collect$$libinit$$00000013  c_w.l(libinit2.o)
    0x080001b6   0x00000000   Code   RO         3331    .ARM.Collect$$libinit$$00000015  c_w.l(libinit2.o)
    0x080001b6   0x00000000   Code   RO         3333    .ARM.Collect$$libinit$$00000017  c_w.l(libinit2.o)
    0x080001b6   0x00000000   Code   RO         3335    .ARM.Collect$$libinit$$00000019  c_w.l(libinit2.o)
    0x080001b6   0x00000000   Code   RO         3337    .ARM.Collect$$libinit$$0000001B  c_w.l(libinit2.o)
    0x080001b6   0x00000000   Code   RO         3339    .ARM.Collect$$libinit$$0000001D  c_w.l(libinit2.o)
    0x080001b6   0x00000000   Code   RO         3341    .ARM.Collect$$libinit$$0000001F  c_w.l(libinit2.o)
    0x080001b6   0x00000000   Code   RO         3343    .ARM.Collect$$libinit$$00000021  c_w.l(libinit2.o)
    0x080001b6   0x00000000   Code   RO         3345    .ARM.Collect$$libinit$$00000023  c_w.l(libinit2.o)
    0x080001b6   0x00000000   Code   RO         3347    .ARM.Collect$$libinit$$00000025  c_w.l(libinit2.o)
    0x080001b6   0x00000000   Code   RO         3351    .ARM.Collect$$libinit$$0000002C  c_w.l(libinit2.o)
    0x080001b6   0x00000000   Code   RO         3353    .ARM.Collect$$libinit$$0000002E  c_w.l(libinit2.o)
    0x080001b6   0x00000000   Code   RO         3355    .ARM.Collect$$libinit$$00000030  c_w.l(libinit2.o)
    0x080001b6   0x00000000   Code   RO         3357    .ARM.Collect$$libinit$$00000032  c_w.l(libinit2.o)
    0x080001b6   0x00000002   Code   RO         3358    .ARM.Collect$$libinit$$00000033  c_w.l(libinit2.o)
    0x080001b8   0x00000002   Code   RO         3376    .ARM.Collect$$libshutdown$$00000000  c_w.l(libshutdown.o)
    0x080001ba   0x00000000   Code   RO         3387    .ARM.Collect$$libshutdown$$00000003  c_w.l(libshutdown2.o)
    0x080001ba   0x00000000   Code   RO         3390    .ARM.Collect$$libshutdown$$00000006  c_w.l(libshutdown2.o)
    0x080001ba   0x00000000   Code   RO         3393    .ARM.Collect$$libshutdown$$00000009  c_w.l(libshutdown2.o)
    0x080001ba   0x00000000   Code   RO         3395    .ARM.Collect$$libshutdown$$0000000B  c_w.l(libshutdown2.o)
    0x080001ba   0x00000000   Code   RO         3398    .ARM.Collect$$libshutdown$$0000000E  c_w.l(libshutdown2.o)
    0x080001ba   0x00000002   Code   RO         3399    .ARM.Collect$$libshutdown$$0000000F  c_w.l(libshutdown2.o)
    0x080001bc   0x00000000   Code   RO         3266    .ARM.Collect$$rtentry$$00000000  c_w.l(__rtentry.o)
    0x080001bc   0x00000000   Code   RO         3279    .ARM.Collect$$rtentry$$00000002  c_w.l(__rtentry2.o)
    0x080001bc   0x00000006   Code   RO         3291    .ARM.Collect$$rtentry$$00000004  c_w.l(__rtentry4.o)
    0x080001c2   0x00000000   Code   RO         3281    .ARM.Collect$$rtentry$$00000009  c_w.l(__rtentry2.o)
    0x080001c2   0x00000004   Code   RO         3282    .ARM.Collect$$rtentry$$0000000A  c_w.l(__rtentry2.o)
    0x080001c6   0x00000000   Code   RO         3284    .ARM.Collect$$rtentry$$0000000C  c_w.l(__rtentry2.o)
    0x080001c6   0x00000008   Code   RO         3285    .ARM.Collect$$rtentry$$0000000D  c_w.l(__rtentry2.o)
    0x080001ce   0x00000002   Code   RO         3312    .ARM.Collect$$rtexit$$00000000  c_w.l(rtexit.o)
    0x080001d0   0x00000000   Code   RO         3360    .ARM.Collect$$rtexit$$00000002  c_w.l(rtexit2.o)
    0x080001d0   0x00000004   Code   RO         3361    .ARM.Collect$$rtexit$$00000003  c_w.l(rtexit2.o)
    0x080001d4   0x00000006   Code   RO         3362    .ARM.Collect$$rtexit$$00000004  c_w.l(rtexit2.o)
    0x080001da   0x00000002   PAD
    0x080001dc   0x00000040   Code   RO          668    .text               startup_stm32f10x_xl.o
    0x0800021c   0x00000002   Code   RO         3213    .text               c_w.l(use_no_semi_2.o)
    0x0800021e   0x00000002   PAD
    0x08000220   0x00000018   Code   RO         3219    .text               c_w.l(noretval__2printf.o)
    0x08000238   0x00000028   Code   RO         3221    .text               c_w.l(noretval__2sprintf.o)
    0x08000260   0x00000068   Code   RO         3223    .text               c_w.l(__printf.o)
    0x080002c8   0x00000052   Code   RO         3225    .text               c_w.l(_printf_str.o)
    0x0800031a   0x00000002   PAD
    0x0800031c   0x00000078   Code   RO         3227    .text               c_w.l(_printf_dec.o)
    0x08000394   0x00000024   Code   RO         3252    .text               c_w.l(strstr.o)
    0x080003b8   0x0000003e   Code   RO         3254    .text               c_w.l(strlen.o)
    0x080003f6   0x00000044   Code   RO         3256    .text               c_w.l(rt_memclr.o)
    0x0800043a   0x0000004e   Code   RO         3258    .text               c_w.l(rt_memclr_w.o)
    0x08000488   0x00000006   Code   RO         3260    .text               c_w.l(heapauxi.o)
    0x0800048e   0x00000002   Code   RO         3264    .text               c_w.l(use_no_semi.o)
    0x08000490   0x000000b2   Code   RO         3267    .text               c_w.l(_printf_intcommon.o)
    0x08000542   0x00000002   PAD
    0x08000544   0x00000030   Code   RO         3269    .text               c_w.l(_printf_char_common.o)
    0x08000574   0x0000000a   Code   RO         3271    .text               c_w.l(_sputc.o)
    0x0800057e   0x0000002c   Code   RO         3273    .text               c_w.l(_printf_char.o)
    0x080005aa   0x00000002   PAD
    0x080005ac   0x00000024   Code   RO         3275    .text               c_w.l(_printf_char_file.o)
    0x080005d0   0x00000008   Code   RO         3295    .text               c_w.l(ferror.o)
    0x080005d8   0x0000004a   Code   RO         3299    .text               c_w.l(sys_stackheap_outer.o)
    0x08000622   0x0000000c   Code   RO         3301    .text               c_w.l(exit.o)
    0x0800062e   0x00000002   PAD
    0x08000630   0x00000008   Code   RO         3309    .text               c_w.l(libspace.o)
    0x08000638   0x00000038   Code   RO          294    i.Beep_Init         beep.o
    0x08000670   0x00000004   Code   RO          159    i.BusFault_Handler  stm32f10x_it.o
    0x08000674   0x00000002   Code   RO          160    i.DebugMon_Handler  stm32f10x_it.o
    0x08000676   0x00000002   PAD
    0x08000678   0x00000044   Code   RO         3179    i.Delay_init        delay.o
    0x080006bc   0x00000060   Code   RO          535    i.ESP8266_AT_Test   esp8266_config.o
    0x0800071c   0x00000040   Code   RO          387    i.ESP8266_Enable_MultipleId  esp8266.o
    0x0800075c   0x00000020   Code   RO          388    i.ESP8266_ExitUnvarnishSend  esp8266.o
    0x0800077c   0x00000054   Code   RO          536    i.ESP8266_Init      esp8266_config.o
    0x080007d0   0x00000044   Code   RO          392    i.ESP8266_JoinAP    esp8266.o
    0x08000814   0x00000098   Code   RO          393    i.ESP8266_Link_Server  esp8266.o
    0x080008ac   0x00000084   Code   RO          394    i.ESP8266_Net_Mode_Choose  esp8266.o
    0x08000930   0x00000034   Code   RO          395    i.ESP8266_Rst       esp8266.o
    0x08000964   0x000000b8   Code   RO          537    i.ESP8266_STA       esp8266_config.o
    0x08000a1c   0x00000098   Code   RO          396    i.ESP8266_SendString  esp8266.o
    0x08000ab4   0x000000c0   Code   RO          397    i.ESP8266_Send_AT_Cmd  esp8266.o
    0x08000b74   0x0000001c   Code   RO          539    i.ESP8266_TCP_Client  esp8266_config.o
    0x08000b90   0x0000005c   Code   RO          400    i.ESP8266_Unvarnish_Send  esp8266.o
    0x08000bec   0x0000003c   Code   RO          324    i.GPIO_Configuration  usart.o
    0x08000c28   0x00000116   Code   RO         1363    i.GPIO_Init         stm32f10x_gpio.o
    0x08000d3e   0x00000004   Code   RO         1370    i.GPIO_ResetBits    stm32f10x_gpio.o
    0x08000d42   0x00000004   Code   RO         1371    i.GPIO_SetBits      stm32f10x_gpio.o
    0x08000d46   0x00000004   Code   RO          161    i.HardFault_Handler  stm32f10x_it.o
    0x08000d4a   0x00000002   PAD
    0x08000d4c   0x0000002c   Code   RO          306    i.Key_Init          key.o
    0x08000d78   0x00000054   Code   RO          256    i.Led_Init          led.o
    0x08000dcc   0x00000004   Code   RO          162    i.MemManage_Handler  stm32f10x_it.o
    0x08000dd0   0x00000002   Code   RO          163    i.NMI_Handler       stm32f10x_it.o
    0x08000dd2   0x00000002   PAD
    0x08000dd4   0x0000004c   Code   RO          590    i.NRF24L01_Check    nrf24l01_api.o
    0x08000e20   0x000000e4   Code   RO          591    i.NRF24L01_Init     nrf24l01_api.o
    0x08000f04   0x00000058   Code   RO          592    i.NRF24L01_RX_Mode  nrf24l01_api.o
    0x08000f5c   0x0000003c   Code   RO          593    i.NRF24L01_Read_Buf  nrf24l01_api.o
    0x08000f98   0x0000002c   Code   RO          594    i.NRF24L01_Read_Reg  nrf24l01_api.o
    0x08000fc4   0x00000034   Code   RO          595    i.NRF24L01_RxPacket  nrf24l01_api.o
    0x08000ff8   0x00000060   Code   RO          596    i.NRF24L01_TX_Mode  nrf24l01_api.o
    0x08001058   0x00000060   Code   RO          597    i.NRF24L01_TxPacket  nrf24l01_api.o
    0x080010b8   0x0000003c   Code   RO          598    i.NRF24L01_Write_Buf  nrf24l01_api.o
    0x080010f4   0x00000030   Code   RO          599    i.NRF24L01_Write_Reg  nrf24l01_api.o
    0x08001124   0x00000030   Code   RO          325    i.NVIC_Configuration  usart.o
    0x08001154   0x00000070   Code   RO          673    i.NVIC_Init         misc.o
    0x080011c4   0x00000002   Code   RO          164    i.PendSV_Handler    stm32f10x_it.o
    0x080011c6   0x00000002   PAD
    0x080011c8   0x00000020   Code   RO         1779    i.RCC_APB1PeriphClockCmd  stm32f10x_rcc.o
    0x080011e8   0x00000020   Code   RO         1781    i.RCC_APB2PeriphClockCmd  stm32f10x_rcc.o
    0x08001208   0x0000000e   Code   RO          326    i.RCC_Configuration  usart.o
    0x08001216   0x00000002   PAD
    0x08001218   0x000000d4   Code   RO         1789    i.RCC_GetClocksFreq  stm32f10x_rcc.o
    0x080012ec   0x00000054   Code   RO          600    i.SPI1_ReadWriteByte  nrf24l01_api.o
    0x08001340   0x00000018   Code   RO         2258    i.SPI_Cmd           stm32f10x_spi.o
    0x08001358   0x00000012   Code   RO         2266    i.SPI_I2S_GetFlagStatus  stm32f10x_spi.o
    0x0800136a   0x00000006   Code   RO         2269    i.SPI_I2S_ReceiveData  stm32f10x_spi.o
    0x08001370   0x00000004   Code   RO         2270    i.SPI_I2S_SendData  stm32f10x_spi.o
    0x08001374   0x0000003c   Code   RO         2271    i.SPI_Init          stm32f10x_spi.o
    0x080013b0   0x00000002   Code   RO          165    i.SVC_Handler       stm32f10x_it.o
    0x080013b2   0x00000008   Code   RO          222    i.SetSysClock       system_stm32f10x.o
    0x080013ba   0x00000002   PAD
    0x080013bc   0x000000e0   Code   RO          223    i.SetSysClockTo72   system_stm32f10x.o
    0x0800149c   0x00000028   Code   RO          677    i.SysTick_CLKSourceConfig  misc.o
    0x080014c4   0x00000002   Code   RO          166    i.SysTick_Handler   stm32f10x_it.o
    0x080014c6   0x00000002   PAD
    0x080014c8   0x00000060   Code   RO          225    i.SystemInit        system_stm32f10x.o
    0x08001528   0x0000002c   Code   RO          571    i.TIM3_IRQHandler   tim3.o
    0x08001554   0x00000064   Code   RO          572    i.TIM3_Int_Init     tim3.o
    0x080015b8   0x00000006   Code   RO         2408    i.TIM_ClearITPendingBit  stm32f10x_tim.o
    0x080015be   0x00000018   Code   RO         2413    i.TIM_Cmd           stm32f10x_tim.o
    0x080015d6   0x00000022   Code   RO         2434    i.TIM_GetITStatus   stm32f10x_tim.o
    0x080015f8   0x00000012   Code   RO         2438    i.TIM_ITConfig      stm32f10x_tim.o
    0x0800160a   0x00000002   PAD
    0x0800160c   0x000000a4   Code   RO         2484    i.TIM_TimeBaseInit  stm32f10x_tim.o
    0x080016b0   0x0000003c   Code   RO          327    i.USART1_IRQHandler  usart.o
    0x080016ec   0x0000009c   Code   RO          491    i.USART2_IRQHandler  usart2.o
    0x08001788   0x0000001e   Code   RO         2946    i.USART_ClearITPendingBit  stm32f10x_usart.o
    0x080017a6   0x00000018   Code   RO         2949    i.USART_Cmd         stm32f10x_usart.o
    0x080017be   0x00000002   PAD
    0x080017c0   0x00000038   Code   RO          328    i.USART_Configuration  usart.o
    0x080017f8   0x0000001a   Code   RO         2952    i.USART_GetFlagStatus  stm32f10x_usart.o
    0x08001812   0x00000054   Code   RO         2953    i.USART_GetITStatus  stm32f10x_usart.o
    0x08001866   0x0000004a   Code   RO         2955    i.USART_ITConfig    stm32f10x_usart.o
    0x080018b0   0x000000d8   Code   RO         2956    i.USART_Init        stm32f10x_usart.o
    0x08001988   0x0000000a   Code   RO         2963    i.USART_ReceiveData  stm32f10x_usart.o
    0x08001992   0x00000008   Code   RO         2966    i.USART_SendData    stm32f10x_usart.o
    0x0800199a   0x00000004   Code   RO          167    i.UsageFault_Handler  stm32f10x_it.o
    0x0800199e   0x00000014   Code   RO          329    i.Usart1_Init       usart.o
    0x080019b2   0x00000002   PAD
    0x080019b4   0x000000a4   Code   RO          492    i.Usart2_Init       usart2.o
    0x08001a58   0x00000020   Code   RO          493    i.Usart2_Send_Byte  usart2.o
    0x08001a78   0x0000001e   Code   RO          494    i.Usart2_Send_String  usart2.o
    0x08001a96   0x00000004   Code   RO          330    i._sys_exit         usart.o
    0x08001a9a   0x00000002   PAD
    0x08001a9c   0x0000004c   Code   RO         3180    i.delay_ms          delay.o
    0x08001ae8   0x00000024   Code   RO          331    i.fputc             usart.o
    0x08001b0c   0x000001b8   Code   RO            1    i.main              main.o
    0x08001cc4   0x000000a0   Code   RO            2    i.nrf24l01_fun      main.o
    0x08001d64   0x00000014   Data   RO            4    .constdata          main.o
    0x08001d78   0x00000020   Data   RO         3431    Region$$Table       anon$$obj.o


    Execution Region RW_IRAM1 (Base: 0x20000000, Size: 0x000010d8, Max: 0x00010000, ABSOLUTE)

    Base Addr    Size         Type   Attr      Idx    E Section Name        Object

    0x20000000   0x00000008   Data   RW            5    .data               main.o
    0x20000008   0x00000014   Data   RW          226    .data               system_stm32f10x.o
    0x2000001c   0x00000004   Data   RW          332    .data               usart.o
    0x20000020   0x00000002   Data   RW          496    .data               usart2.o
    0x20000022   0x00000014   Data   RW         1809    .data               stm32f10x_rcc.o
    0x20000036   0x00000004   Data   RW         3183    .data               delay.o
    0x2000003a   0x00000002   PAD
    0x2000003c   0x00000032   Zero   RW            3    .bss                main.o
    0x2000006e   0x000009f4   Zero   RW          495    .bss                usart2.o
    0x20000a62   0x00000012   Zero   RW          601    .bss                nrf24l01_api.o
    0x20000a74   0x00000060   Zero   RW         3310    .bss                c_w.l(libspace.o)
    0x20000ad4   0x00000004   PAD
    0x20000ad8   0x00000200   Zero   RW          666    HEAP                startup_stm32f10x_xl.o
    0x20000cd8   0x00000400   Zero   RW          665    STACK               startup_stm32f10x_xl.o


==============================================================================

Image component sizes


      Code (inc. data)   RO Data    RW Data    ZI Data      Debug   Object Name

        56          6          0          0          0        480   beep.o
       144         22          0          4          0       1160   delay.o
       936        314          0          0          0       5799   esp8266.o
       392        190          0          0          0       2104   esp8266_config.o
        44          6          0          0          0        467   key.o
        84         22          0          0          0     205247   led.o
       600        196         20          8         50     260908   main.o
       152         12          0          0          0       1522   misc.o
       932         92          0          0         18       7446   nrf24l01_api.o
        64         26        304          0       1536        824   startup_stm32f10x_xl.o
       286          0          0          0          0       2996   stm32f10x_gpio.o
        26          0          0          0          0       3654   stm32f10x_it.o
       276         32          0         20          0       4406   stm32f10x_rcc.o
       112          0          0          0          0       3770   stm32f10x_spi.o
       246         42          0          0          0       3494   stm32f10x_tim.o
       472          6          0          0          0       6683   stm32f10x_usart.o
       328         28          0         20          0       2057   system_stm32f10x.o
       144         16          0          0          0       1006   tim3.o
       298         24          0          4          0       5732   usart.o
       382         36          0          2       2548       3128   usart2.o

    ----------------------------------------------------------------------
      5996       1070        356         60       4152     522883   Object Totals
         0          0         32          0          0          0   (incl. Generated)
        22          0          0          2          0          0   (incl. Padding)

    ----------------------------------------------------------------------

      Code (inc. data)   RO Data    RW Data    ZI Data      Debug   Library Member Name

         8          0          0          0          0         68   __main.o
       104          0          0          0          0         84   __printf.o
         0          0          0          0          0          0   __rtentry.o
        12          0          0          0          0          0   __rtentry2.o
         6          0          0          0          0          0   __rtentry4.o
        52          8          0          0          0          0   __scatter.o
        26          0          0          0          0          0   __scatter_copy.o
        28          0          0          0          0          0   __scatter_zi.o
        44          0          0          0          0        108   _printf_char.o
        48          6          0          0          0         96   _printf_char_common.o
        36          4          0          0          0         80   _printf_char_file.o
         6          0          0          0          0          0   _printf_d.o
       120         16          0          0          0         92   _printf_dec.o
       178          0          0          0          0         88   _printf_intcommon.o
         0          0          0          0          0          0   _printf_percent.o
         4          0          0          0          0          0   _printf_percent_end.o
         6          0          0          0          0          0   _printf_s.o
        82          0          0          0          0         80   _printf_str.o
        10          0          0          0          0         68   _sputc.o
        12          0          0          0          0         72   exit.o
         8          0          0          0          0         68   ferror.o
         6          0          0          0          0        152   heapauxi.o
         2          0          0          0          0          0   libinit.o
         2          0          0          0          0          0   libinit2.o
         2          0          0          0          0          0   libshutdown.o
         2          0          0          0          0          0   libshutdown2.o
         8          4          0          0         96         68   libspace.o
        24          4          0          0          0         84   noretval__2printf.o
        40          6          0          0          0         84   noretval__2sprintf.o
        68          0          0          0          0         68   rt_memclr.o
        78          0          0          0          0         80   rt_memclr_w.o
         2          0          0          0          0          0   rtexit.o
        10          0          0          0          0          0   rtexit2.o
        62          0          0          0          0         76   strlen.o
        36          0          0          0          0         80   strstr.o
        74          0          0          0          0         80   sys_stackheap_outer.o
         2          0          0          0          0         68   use_no_semi.o
         2          0          0          0          0         68   use_no_semi_2.o

    ----------------------------------------------------------------------
      1224         48          0          0        100       1812   Library Totals
        14          0          0          0          4          0   (incl. Padding)

    ----------------------------------------------------------------------

      Code (inc. data)   RO Data    RW Data    ZI Data      Debug   Library Name

      1210         48          0          0         96       1812   c_w.l

    ----------------------------------------------------------------------
      1224         48          0          0        100       1812   Library Totals

    ----------------------------------------------------------------------

==============================================================================


      Code (inc. data)   RO Data    RW Data    ZI Data      Debug   

      7220       1118        356         60       4252     519699   Grand Totals
      7220       1118        356         60       4252     519699   ELF Image Totals
      7220       1118        356         60          0          0   ROM Totals

==============================================================================

    Total RO  Size (Code + RO Data)                 7576 (   7.40kB)
    Total RW  Size (RW Data + ZI Data)              4312 (   4.21kB)
    Total ROM Size (Code + RO Data + RW Data)       7636 (   7.46kB)

==============================================================================

